Microchip MPLAB XC8 Compiler V1.44 ()

Linker command line:

-W-3 --edf=C:\Program Files (x86)\Microchip\xc8\v1.44\dat\en_msgs.txt -cs \
  -h+dist/default/debug\PIC_program.X.debug.sym \
  --cmf=dist/default/debug\PIC_program.X.debug.cmf -z -Q16F1823 \
  -oC:\Users\Evan\AppData\Local\Temp\s1ifs.2 \
  -Mdist/default/debug/PIC_program.X.debug.map -E1 -ver=XC8 \
  -ASTACK=02016h-0205fh -pstack=STACK -ACODE=00h-07FFh -ASTRCODE=00h-07FFh \
  -ASTRING=00h-0FFhx8 -ACONST=00h-0FFhx8 -AENTRY=00h-0FFhx8 \
  -ACOMMON=070h-07Fh -ABANK0=020h-06Fh -ABANK1=0A0h-0AFh \
  -ABIGRAM=02000h-0205Fh -ARAM=020h-06Fh,0A0h-0AFh \
  -AABS1=020h-07Fh,0A0h-0BFh -ASFR0=00h-01Fh -ASFR1=080h-09Fh \
  -ASFR2=0100h-016Fh -ASFR3=0180h-01EFh -ASFR4=0200h-026Fh \
  -ASFR5=0280h-02EFh -ASFR6=0300h-036Fh -ASFR7=0380h-03EFh \
  -ASFR8=0400h-046Fh -ASFR9=0480h-04EFh -ASFR10=0500h-056Fh \
  -ASFR11=0580h-05EFh -ASFR12=0600h-066Fh -ASFR13=0680h-06EFh \
  -ASFR14=0700h-076Fh -ASFR15=0780h-07EFh -ASFR16=0800h-086Fh \
  -ASFR17=0880h-08EFh -ASFR18=0900h-096Fh -ASFR19=0980h-09EFh \
  -ASFR20=0A00h-0A6Fh -ASFR21=0A80h-0AEFh -ASFR22=0B00h-0B6Fh \
  -ASFR23=0B80h-0BEFh -ASFR24=0C00h-0C6Fh -ASFR25=0C80h-0CEFh \
  -ASFR26=0D00h-0D6Fh -ASFR27=0D80h-0DEFh -ASFR28=0E00h-0E6Fh \
  -ASFR29=0E80h-0EEFh -ASFR30=0F00h-0F6Fh -ASFR31=0F80h-0FEFh \
  -preset_vec=00h,intentry=04h,init,end_init -ppowerup=CODE -pcinit=CODE \
  -pfunctab=ENTRY -ACONFIG=08007h-08008h -pconfig=CONFIG -DCONFIG=2 \
  -AIDLOC=08000h-08003h -pidloc=IDLOC -DIDLOC=2 -AEEDATA=00h-0FFh/0F000h \
  -peeprom_data=EEDATA -DEEDATA=2 -DCODE=2 -DSTRCODE=2 -DSTRING=2 -DCONST=2 \
  -DENTRY=2 -k C:\Users\Evan\AppData\Local\Temp\s1ifs.obj \
  dist/default/debug\PIC_program.X.debug.obj 

Object code version is 3.11

Machine type is 16F1823



                Name                               Link     Load   Length Selector   Space Scale
C:\Users\Evan\AppData\Local\Temp\s1ifs.obj
                end_init                             39       39        1        8       0
                reset_vec                             0        0        2        0       0
                config                             8007     8007        2    1000E       0
dist/default/debug\PIC_program.X.debug.obj
                cinit                                3A       3A       12        8       0
                intentry                              4        4       35        8       0
                text9                                CD       CD        E        8       0
                text8                                4C       4C       22        8       0
                text7                                EE       EE        6        8       0
                text6                                BF       BF        E        8       0
                text4                                9E       9E       13        8       0
                text3                                DB       DB        D        8       0
                text2                                87       87       17        8       0
                text1                                B1       B1        E        8       0
                maintext                             6E       6E       19        8       0
                cstackBANK0                          34       34        2       20       1
                cstackCOMMON                         70       70        6       70       1
                clrtext                              E8       E8        6        8       0
                dataBANK0                            32       32        2       20       1
                bssBANK0                             20       20       12       20       1
                bssCOMMON                            76       76        5       70       1
                idataBANK0                           F4       F4        2        8       0

TOTAL           Name                               Link     Load   Length     Space
        CLASS   STACK          

        CLASS   CODE           
                end_init                             39       39        1         0
                cinit                                3A       3A       12         0
                intentry                              4        4       35         0
                reset_vec                             0        0        2         0
                text9                                CD       CD        E         0
                text8                                4C       4C       22         0
                text7                                EE       EE        6         0
                text6                                BF       BF        E         0
                text4                                9E       9E       13         0
                text3                                DB       DB        D         0
                text2                                87       87       17         0
                text1                                B1       B1        E         0
                maintext                             6E       6E       19         0
                clrtext                              E8       E8        6         0
                idataBANK0                           F4       F4        2         0

        CLASS   STRCODE        

        CLASS   STRING         

        CLASS   CONST          

        CLASS   ENTRY          

        CLASS   COMMON         
                cstackCOMMON                         70       70        6         1
                bssCOMMON                            76       76        5         1

        CLASS   BANK0          
                cstackBANK0                          34       34        2         1
                dataBANK0                            32       32        2         1
                bssBANK0                             20       20       12         1

        CLASS   BANK1          

        CLASS   BIGRAM         

        CLASS   RAM            

        CLASS   ABS1           
                abs_s1                               7E       7E        2         1

        CLASS   SFR0           

        CLASS   SFR1           

        CLASS   SFR2           

        CLASS   SFR3           

        CLASS   SFR4           

        CLASS   SFR5           

        CLASS   SFR6           

        CLASS   SFR7           

        CLASS   SFR8           

        CLASS   SFR9           

        CLASS   SFR10          

        CLASS   SFR11          

        CLASS   SFR12          

        CLASS   SFR13          

        CLASS   SFR14          

        CLASS   SFR15          

        CLASS   SFR16          

        CLASS   SFR17          

        CLASS   SFR18          

        CLASS   SFR19          

        CLASS   SFR20          

        CLASS   SFR21          

        CLASS   SFR22          

        CLASS   SFR23          

        CLASS   SFR24          

        CLASS   SFR25          

        CLASS   SFR26          

        CLASS   SFR27          

        CLASS   SFR28          

        CLASS   SFR29          

        CLASS   SFR30          

        CLASS   SFR31          

        CLASS   CONFIG         
                config                             8007     8007        2         0

        CLASS   IDLOC          

        CLASS   EEDATA         

        CLASS   BANK31         

        CLASS   BANK30         

        CLASS   BANK29         

        CLASS   BANK28         

        CLASS   BANK27         

        CLASS   BANK26         

        CLASS   BANK25         

        CLASS   BANK24         

        CLASS   BANK23         

        CLASS   BANK22         

        CLASS   BANK21         

        CLASS   BANK20         

        CLASS   BANK19         

        CLASS   BANK18         

        CLASS   BANK17         

        CLASS   BANK16         

        CLASS   BANK15         

        CLASS   BANK14         

        CLASS   BANK13         

        CLASS   BANK12         

        CLASS   BANK11         

        CLASS   BANK10         

        CLASS   BANK9          

        CLASS   BANK8          

        CLASS   BANK7          

        CLASS   BANK6          

        CLASS   BANK5          

        CLASS   BANK4          

        CLASS   BANK3          

        CLASS   BANK2          



SEGMENTS        Name                           Load    Length   Top    Selector   Space  Class     Delta

                reset_vec                      000000  000002  000002         0       0  CODE        2
                intentry                       000004  0000F2  0000F6         8       0  CODE        2
                bssBANK0                       000020  000016  000036        20       1  BANK0       1
                cstackCOMMON                   000070  00000B  00007B        70       1  COMMON      1
                config                         008007  000002  008009     1000E       0  CONFIG      2


UNUSED ADDRESS RANGES

        Name                Unused          Largest block    Delta
        BANK0            00036-0006F              3A           1
        BANK1            000A0-000AF              10           1
        BIGRAM           02000-0205F              60           1
        CODE             00002-00003               2           2
                         000F6-007FF             70A
        COMMON           0007B-0007D               3           1
        CONST            00002-00003               2           2
                         000F6-007FF             100
        EEDATA           0F000-0F0FF             100           2
        ENTRY            00002-00003               2           2
                         000F6-007FF             100
        IDLOC            08000-08003               4           2
        RAM              00036-0006F              3A           1
                         000A0-000AF              10
        SFR0             00000-0001F              20           1
        SFR1             00080-0009F              20           1
        SFR10            00500-0056F              70           1
        SFR11            00580-005EF              70           1
        SFR12            00600-0066F              70           1
        SFR13            00680-006EF              70           1
        SFR14            00700-0076F              70           1
        SFR15            00780-007EF              70           1
        SFR16            00800-0086F              70           1
        SFR17            00880-008EF              70           1
        SFR18            00900-0096F              70           1
        SFR19            00980-009EF              70           1
        SFR2             00100-0016F              70           1
        SFR20            00A00-00A6F              70           1
        SFR21            00A80-00AEF              70           1
        SFR22            00B00-00B6F              70           1
        SFR23            00B80-00BEF              70           1
        SFR24            00C00-00C6F              70           1
        SFR25            00C80-00CEF              70           1
        SFR26            00D00-00D6F              70           1
        SFR27            00D80-00DEF              70           1
        SFR28            00E00-00E6F              70           1
        SFR29            00E80-00EEF              70           1
        SFR3             00180-001EF              70           1
        SFR30            00F00-00F6F              70           1
        SFR31            00F80-00FEF              70           1
        SFR4             00200-0026F              70           1
        SFR5             00280-002EF              70           1
        SFR6             00300-0036F              70           1
        SFR7             00380-003EF              70           1
        SFR8             00400-0046F              70           1
        SFR9             00480-004EF              70           1
        STACK            02016-0205F              4A           1
        STRCODE          00002-00003               2           2
                         000F6-007FF             70A
        STRING           00002-00003               2           2
                         000F6-007FF             100

                                  Symbol Table

?_Timer1                  cstackCOMMON 00070
PIN5@OnOff                cstackCOMMON 00071
PIN6@OnOff                cstackBANK0  00035
_ADCON0bits               (abs)        0009D
_ADCON1bits               (abs)        0009E
_ADFM                     (abs)        004F7
_ADIE                     (abs)        0048E
_ADON                     (abs)        004E8
_ADRESH                   (abs)        0009C
_ADRESL                   (abs)        0009B
_ANSELA                   (abs)        0018C
_ANSELAbits               (abs)        0018C
_ANSELC                   (abs)        0018E
_APFCONbits               (abs)        0011D
_BAUDCONbits              (abs)        0019F
_FVRCON                   (abs)        00117
_GO_nDONE                 (abs)        004E9
_HFIOFR                   (abs)        004D4
_INTCON                   (abs)        0000B
_INTCONbits               (abs)        0000B
_IOCAFbits                (abs)        00393
_IOCAPbits                (abs)        00391
_ISR                      intentry     00004
_InitUSART                text4        0009E
_Init_TMR1                text3        000DB
_InitialisePorts          text2        00087
_LATA                     (abs)        0010C
_LATC                     (abs)        0010E
_OPTION_REG               (abs)        00095
_OSCCON                   (abs)        00099
_PIE1bits                 (abs)        00091
_PIN5                     text9        000CD
_PIN6                     text1        000B1
_PIR1bits                 (abs)        00011
_PORTA                    (abs)        0000C
_PORTAbits                (abs)        0000C
_PORTC                    (abs)        0000E
_RCIF                     (abs)        0008D
_RCREG                    (abs)        00199
_RCSTAbits                (abs)        0019D
_SPBRG                    (abs)        0019B
_T1CON                    (abs)        00018
_T1CONbits                (abs)        00018
_T1GCON                   (abs)        00019
_TMR1H                    (abs)        00017
_TMR1L                    (abs)        00016
_TRISA                    (abs)        0008C
_TRISAbits                (abs)        0008C
_TRISC                    (abs)        0008E
_TRMT                     (abs)        00CF1
_TXIF                     (abs)        0008C
_TXREG                    (abs)        0019A
_TXSTAbits                (abs)        0019E
_Timer1                   text8        0004C
__CFG_BOREN$ON            (abs)        00000
__CFG_BORV$LO             (abs)        00000
__CFG_CLKOUTEN$OFF        (abs)        00000
__CFG_CP$OFF              (abs)        00000
__CFG_CPD$OFF             (abs)        00000
__CFG_FCMEN$OFF           (abs)        00000
__CFG_FOSC$INTOSC         (abs)        00000
__CFG_IESO$OFF            (abs)        00000
__CFG_LVP$OFF             (abs)        00000
__CFG_MCLRE$OFF           (abs)        00000
__CFG_PLLEN$OFF           (abs)        00000
__CFG_PWRTE$ON            (abs)        00000
__CFG_STVREN$ON           (abs)        00000
__CFG_WDTE$OFF            (abs)        00000
__CFG_WRT$OFF             (abs)        00000
__Habs1                   abs1         00000
__Hbank0                  bank0        00000
__Hbank1                  bank1        00000
__Hbank10                 bank10       00000
__Hbank11                 bank11       00000
__Hbank12                 bank12       00000
__Hbank13                 bank13       00000
__Hbank14                 bank14       00000
__Hbank15                 bank15       00000
__Hbank16                 bank16       00000
__Hbank17                 bank17       00000
__Hbank18                 bank18       00000
__Hbank19                 bank19       00000
__Hbank2                  bank2        00000
__Hbank20                 bank20       00000
__Hbank21                 bank21       00000
__Hbank22                 bank22       00000
__Hbank23                 bank23       00000
__Hbank24                 bank24       00000
__Hbank25                 bank25       00000
__Hbank26                 bank26       00000
__Hbank27                 bank27       00000
__Hbank28                 bank28       00000
__Hbank29                 bank29       00000
__Hbank3                  bank3        00000
__Hbank30                 bank30       00000
__Hbank31                 bank31       00000
__Hbank4                  bank4        00000
__Hbank5                  bank5        00000
__Hbank6                  bank6        00000
__Hbank7                  bank7        00000
__Hbank8                  bank8        00000
__Hbank9                  bank9        00000
__Hbigram                 bigram       00000
__HbssBANK0               bssBANK0     00000
__HbssCOMMON              bssCOMMON    00000
__Hcinit                  cinit        0004C
__Hclrtext                clrtext      00000
__Hcode                   code         00000
__Hcommon                 common       00000
__Hconfig                 config       08009
__HcstackBANK0            cstackBANK0  00000
__HcstackCOMMON           cstackCOMMON 00000
__HdataBANK0              dataBANK0    00000
__Heeprom_data            eeprom_data  00000
__Hend_init               end_init     0003A
__Hfunctab                functab      00000
__HidataBANK0             idataBANK0   00000
__Hidloc                  idloc        00000
__Hinit                   init         00039
__Hintentry               intentry     00039
__Hmaintext               maintext     00000
__Hpowerup                powerup      00000
__Hram                    ram          00000
__Hreset_vec              reset_vec    00002
__Hsfr0                   sfr0         00000
__Hsfr1                   sfr1         00000
__Hsfr10                  sfr10        00000
__Hsfr11                  sfr11        00000
__Hsfr12                  sfr12        00000
__Hsfr13                  sfr13        00000
__Hsfr14                  sfr14        00000
__Hsfr15                  sfr15        00000
__Hsfr16                  sfr16        00000
__Hsfr17                  sfr17        00000
__Hsfr18                  sfr18        00000
__Hsfr19                  sfr19        00000
__Hsfr2                   sfr2         00000
__Hsfr20                  sfr20        00000
__Hsfr21                  sfr21        00000
__Hsfr22                  sfr22        00000
__Hsfr23                  sfr23        00000
__Hsfr24                  sfr24        00000
__Hsfr25                  sfr25        00000
__Hsfr26                  sfr26        00000
__Hsfr27                  sfr27        00000
__Hsfr28                  sfr28        00000
__Hsfr29                  sfr29        00000
__Hsfr3                   sfr3         00000
__Hsfr30                  sfr30        00000
__Hsfr31                  sfr31        00000
__Hsfr4                   sfr4         00000
__Hsfr5                   sfr5         00000
__Hsfr6                   sfr6         00000
__Hsfr7                   sfr7         00000
__Hsfr8                   sfr8         00000
__Hsfr9                   sfr9         00000
__Hspace_0                (abs)        08009
__Hspace_1                (abs)        0007B
__Hspace_2                (abs)        00000
__Hspace_3                (abs)        00000
__Hstack                  stack        00000
__Hstrings                strings      00000
__Htext                   text         00000
__Labs1                   abs1         00000
__Lbank0                  bank0        00000
__Lbank1                  bank1        00000
__Lbank10                 bank10       00000
__Lbank11                 bank11       00000
__Lbank12                 bank12       00000
__Lbank13                 bank13       00000
__Lbank14                 bank14       00000
__Lbank15                 bank15       00000
__Lbank16                 bank16       00000
__Lbank17                 bank17       00000
__Lbank18                 bank18       00000
__Lbank19                 bank19       00000
__Lbank2                  bank2        00000
__Lbank20                 bank20       00000
__Lbank21                 bank21       00000
__Lbank22                 bank22       00000
__Lbank23                 bank23       00000
__Lbank24                 bank24       00000
__Lbank25                 bank25       00000
__Lbank26                 bank26       00000
__Lbank27                 bank27       00000
__Lbank28                 bank28       00000
__Lbank29                 bank29       00000
__Lbank3                  bank3        00000
__Lbank30                 bank30       00000
__Lbank31                 bank31       00000
__Lbank4                  bank4        00000
__Lbank5                  bank5        00000
__Lbank6                  bank6        00000
__Lbank7                  bank7        00000
__Lbank8                  bank8        00000
__Lbank9                  bank9        00000
__Lbigram                 bigram       00000
__LbssBANK0               bssBANK0     00000
__LbssCOMMON              bssCOMMON    00000
__Lcinit                  cinit        0003A
__Lclrtext                clrtext      00000
__Lcode                   code         00000
__Lcommon                 common       00000
__Lconfig                 config       08007
__LcstackBANK0            cstackBANK0  00000
__LcstackCOMMON           cstackCOMMON 00000
__LdataBANK0              dataBANK0    00000
__Leeprom_data            eeprom_data  00000
__Lend_init               end_init     00039
__Lfunctab                functab      00000
__LidataBANK0             idataBANK0   00000
__Lidloc                  idloc        00000
__Linit                   init         00039
__Lintentry               intentry     00004
__Lmaintext               maintext     00000
__Lpowerup                powerup      00000
__Lram                    ram          00000
__Lreset_vec              reset_vec    00000
__Lsfr0                   sfr0         00000
__Lsfr1                   sfr1         00000
__Lsfr10                  sfr10        00000
__Lsfr11                  sfr11        00000
__Lsfr12                  sfr12        00000
__Lsfr13                  sfr13        00000
__Lsfr14                  sfr14        00000
__Lsfr15                  sfr15        00000
__Lsfr16                  sfr16        00000
__Lsfr17                  sfr17        00000
__Lsfr18                  sfr18        00000
__Lsfr19                  sfr19        00000
__Lsfr2                   sfr2         00000
__Lsfr20                  sfr20        00000
__Lsfr21                  sfr21        00000
__Lsfr22                  sfr22        00000
__Lsfr23                  sfr23        00000
__Lsfr24                  sfr24        00000
__Lsfr25                  sfr25        00000
__Lsfr26                  sfr26        00000
__Lsfr27                  sfr27        00000
__Lsfr28                  sfr28        00000
__Lsfr29                  sfr29        00000
__Lsfr3                   sfr3         00000
__Lsfr30                  sfr30        00000
__Lsfr31                  sfr31        00000
__Lsfr4                   sfr4         00000
__Lsfr5                   sfr5         00000
__Lsfr6                   sfr6         00000
__Lsfr7                   sfr7         00000
__Lsfr8                   sfr8         00000
__Lsfr9                   sfr9         00000
__Lspace_0                (abs)        00000
__Lspace_1                (abs)        00000
__Lspace_2                (abs)        00000
__Lspace_3                (abs)        00000
__Lstack                  stack        00000
__Lstrings                strings      00000
__Ltext                   text         00000
__S0                      (abs)        08009
__S1                      (abs)        0007B
__S2                      (abs)        00000
__S3                      (abs)        00000
___int_sp                 stack        00000
___latbits                (abs)        00000
___sp                     stack        00000
__end_of_ISR              intentry     00039
__end_of_InitUSART        text4        000B1
__end_of_Init_TMR1        text3        000E8
__end_of_InitialisePorts  text2        0009E
__end_of_PIN5             text9        000DB
__end_of_PIN6             text1        000BF
__end_of_Timer1           text8        0006E
__end_of__initialization  cinit        00049
__end_of_getch            text7        000F4
__end_of_main             maintext     00087
__end_ofi1_PIN6           text6        000CD
__initialization          cinit        0003A
__pbssBANK0               bssBANK0     00020
__pbssCOMMON              bssCOMMON    00076
__pcstackBANK0            cstackBANK0  00034
__pcstackCOMMON           cstackCOMMON 00070
__pdataBANK0              dataBANK0    00032
__pidataBANK0             idataBANK0   000F4
__pintentry               intentry     00004
__pmaintext               maintext     0006E
__ptext1                  text1        000B1
__ptext2                  text2        00087
__ptext3                  text3        000DB
__ptext4                  text4        0009E
__ptext6                  text6        000BF
__ptext7                  text7        000EE
__ptext8                  text8        0004C
__ptext9                  text9        000CD
__size_of_ISR             (abs)        00000
__size_of_InitUSART       (abs)        00000
__size_of_Init_TMR1       (abs)        00000
__size_of_InitialisePorts (abs)        00000
__size_of_PIN5            (abs)        00000
__size_of_PIN6            (abs)        00000
__size_of_Timer1          (abs)        00000
__size_of_getch           (abs)        00000
__size_of_main            (abs)        00000
__size_ofi1_PIN6          (abs)        00000
_adcData                  bssBANK0     00030
_count                    bssBANK0     0002A
_getch                    text7        000EE
_main                     maintext     0006E
_mydata                   bssCOMMON    00078
_negFlag                  bssBANK0     00026
_portA                    bssCOMMON    0007A
_portC                    bssCOMMON    00079
_posFlag                  dataBANK0    00032
_printCount               bssBANK0     00022
_sampleVal                bssBANK0     0002C
_startFlag                bssBANK0     00028
_temp_time                bssCOMMON    00076
_time                     bssBANK0     00020
_time_16bit               bssBANK0     0002E
_zeroCount                bssBANK0     00024
btemp                     (abs)        0007E
clear_ram0                clrtext      000E8
end_of_initialization     cinit        00049
i1PIN6@OnOff              cstackCOMMON 00071
i1_PIN6                   text6        000BF
int$flags                 (abs)        0007E
intlevel0                 functab      00000
intlevel1                 functab      00000
intlevel2                 functab      00000
intlevel3                 functab      00000
intlevel4                 functab      00000
intlevel5                 functab      00000
reset_vec                 reset_vec    00000
stackhi                   (abs)        0205F
stacklo                   (abs)        02016
start                     init         00039
start_initialization      cinit        0003A
wtemp0                    (abs)        0007E


FUNCTION INFORMATION:

 *************** function _main *****************
 Defined at:
		line 32 in file "newmain.c"
 Parameters:    Size  Location     Type
		None
 Auto vars:     Size  Location     Type
  ADC_sample      2    0        unsigned short 
 Return value:  Size  Location     Type
                  2   66[None  ] int 
 Registers used:
		wreg, status,2, status,0, pclath, cstack
 Tracked objects:
		On entry : 
		On exit  : 
		Unchanged: 
 Data sizes:     COMMON   BANK0   BANK1
      Params:         0       0       0
      Locals:         0       0       0
      Temps:          0       0       0
      Totals:         0       0       0
Total ram usage:        0 bytes
 Hardware stack levels required when called:    3
 This function calls:
		_InitUSART
		_Init_TMR1
		_InitialisePorts
		_PIN6
 This function is called by:
		Startup code after reset
 This function uses a non-reentrant model


 *************** function _PIN6 *****************
 Defined at:
		line 91 in file "IO_Controls.c"
 Parameters:    Size  Location     Type
  OnOff           1    wreg     unsigned char 
 Auto vars:     Size  Location     Type
  OnOff           1    1[BANK0 ] unsigned char 
 Return value:  Size  Location     Type
                  1    wreg      void 
 Registers used:
		wreg, status,2
 Tracked objects:
		On entry : 
		On exit  : 
		Unchanged: 
 Data sizes:     COMMON   BANK0   BANK1
      Params:         0       0       0
      Locals:         0       1       0
      Temps:          0       1       0
      Totals:         0       2       0
Total ram usage:        2 bytes
 Hardware stack levels used:    1
 Hardware stack levels required when called:    2
 This function calls:
		Nothing
 This function is called by:
		_main
 This function uses a non-reentrant model


 *************** function _InitialisePorts *****************
 Defined at:
		line 13 in file "IO_Controls.c"
 Parameters:    Size  Location     Type
		None
 Auto vars:     Size  Location     Type
		None
 Return value:  Size  Location     Type
                  1    wreg      void 
 Registers used:
		wreg, status,2
 Tracked objects:
		On entry : 
		On exit  : 
		Unchanged: 
 Data sizes:     COMMON   BANK0   BANK1
      Params:         0       0       0
      Locals:         0       0       0
      Temps:          0       0       0
      Totals:         0       0       0
Total ram usage:        0 bytes
 Hardware stack levels used:    1
 Hardware stack levels required when called:    2
 This function calls:
		Nothing
 This function is called by:
		_main
 This function uses a non-reentrant model


 *************** function _Init_TMR1 *****************
 Defined at:
		line 18 in file "Timer.c"
 Parameters:    Size  Location     Type
		None
 Auto vars:     Size  Location     Type
		None
 Return value:  Size  Location     Type
                  1    wreg      void 
 Registers used:
		wreg, status,2, status,0
 Tracked objects:
		On entry : 
		On exit  : 
		Unchanged: 
 Data sizes:     COMMON   BANK0   BANK1
      Params:         0       0       0
      Locals:         0       0       0
      Temps:          0       0       0
      Totals:         0       0       0
Total ram usage:        0 bytes
 Hardware stack levels used:    1
 Hardware stack levels required when called:    2
 This function calls:
		Nothing
 This function is called by:
		_main
 This function uses a non-reentrant model


 *************** function _InitUSART *****************
 Defined at:
		line 28 in file "USART.c"
 Parameters:    Size  Location     Type
		None
 Auto vars:     Size  Location     Type
		None
 Return value:  Size  Location     Type
                  1    wreg      void 
 Registers used:
		wreg, status,2
 Tracked objects:
		On entry : 
		On exit  : 
		Unchanged: 
 Data sizes:     COMMON   BANK0   BANK1
      Params:         0       0       0
      Locals:         0       0       0
      Temps:          0       0       0
      Totals:         0       0       0
Total ram usage:        0 bytes
 Hardware stack levels used:    1
 Hardware stack levels required when called:    2
 This function calls:
		Nothing
 This function is called by:
		_main
 This function uses a non-reentrant model


 *************** function _ISR *****************
 Defined at:
		line 109 in file "newmain.c"
 Parameters:    Size  Location     Type
		None
 Auto vars:     Size  Location     Type
		None
 Return value:  Size  Location     Type
                  1    wreg      void 
 Registers used:
		wreg, status,2, status,0, pclath, cstack
 Tracked objects:
		On entry : 
		On exit  : 
		Unchanged: 
 Data sizes:     COMMON   BANK0   BANK1
      Params:         0       0       0
      Locals:         0       0       0
      Temps:          2       0       0
      Totals:         2       0       0
Total ram usage:        2 bytes
 Hardware stack levels used:    1
 Hardware stack levels required when called:    1
 This function calls:
		_PIN5
		_Timer1
		_getch
		i1_PIN6
 This function is called by:
		Interrupt level 1
 This function uses a non-reentrant model


 *************** function i1_PIN6 *****************
 Defined at:
		line 91 in file "IO_Controls.c"
 Parameters:    Size  Location     Type
  OnOff           1    wreg     unsigned char 
 Auto vars:     Size  Location     Type
  OnOff           1    1[COMMON] unsigned char 
 Return value:  Size  Location     Type
                  1    wreg      void 
 Registers used:
		wreg, status,2
 Tracked objects:
		On entry : 
		On exit  : 
		Unchanged: 
 Data sizes:     COMMON   BANK0   BANK1
      Params:         0       0       0
      Locals:         1       0       0
      Temps:          1       0       0
      Totals:         2       0       0
Total ram usage:        2 bytes
 Hardware stack levels used:    1
 This function calls:
		Nothing
 This function is called by:
		_ISR
 This function uses a non-reentrant model


 *************** function _getch *****************
 Defined at:
		line 21 in file "USART.c"
 Parameters:    Size  Location     Type
		None
 Auto vars:     Size  Location     Type
		None
 Return value:  Size  Location     Type
                  1    wreg      unsigned char 
 Registers used:
		wreg
 Tracked objects:
		On entry : 
		On exit  : 
		Unchanged: 
 Data sizes:     COMMON   BANK0   BANK1
      Params:         0       0       0
      Locals:         0       0       0
      Temps:          0       0       0
      Totals:         0       0       0
Total ram usage:        0 bytes
 Hardware stack levels used:    1
 This function calls:
		Nothing
 This function is called by:
		_ISR
 This function uses a non-reentrant model


 *************** function _Timer1 *****************
 Defined at:
		line 47 in file "Timer.c"
 Parameters:    Size  Location     Type
		None
 Auto vars:     Size  Location     Type
		None
 Return value:  Size  Location     Type
                  2    0[COMMON] unsigned int 
 Registers used:
		wreg, status,2
 Tracked objects:
		On entry : 
		On exit  : 
		Unchanged: 
 Data sizes:     COMMON   BANK0   BANK1
      Params:         2       0       0
      Locals:         0       0       0
      Temps:          2       0       0
      Totals:         4       0       0
Total ram usage:        4 bytes
 Hardware stack levels used:    1
 This function calls:
		Nothing
 This function is called by:
		_ISR
 This function uses a non-reentrant model


 *************** function _PIN5 *****************
 Defined at:
		line 83 in file "IO_Controls.c"
 Parameters:    Size  Location     Type
  OnOff           1    wreg     unsigned char 
 Auto vars:     Size  Location     Type
  OnOff           1    1[COMMON] unsigned char 
 Return value:  Size  Location     Type
                  1    wreg      void 
 Registers used:
		wreg, status,2
 Tracked objects:
		On entry : 
		On exit  : 
		Unchanged: 
 Data sizes:     COMMON   BANK0   BANK1
      Params:         0       0       0
      Locals:         1       0       0
      Temps:          1       0       0
      Totals:         2       0       0
Total ram usage:        2 bytes
 Hardware stack levels used:    1
 This function calls:
		Nothing
 This function is called by:
		_ISR
 This function uses a non-reentrant model



MODULE INFORMATION

Module		Function		Class		Link	Load	Size
USART.c
		_InitUSART     		CODE           	009E	0000	20
		_getch         		CODE           	00EE	0000	7

USART.c estimated size: 27

Timer.c
		_Timer1        		CODE           	004C	0000	35
		_Init_TMR1     		CODE           	00DB	0000	14

Timer.c estimated size: 49

newmain.c
		_ISR           		CODE           	0004	0000	54
		_main          		CODE           	006E	0000	26

newmain.c estimated size: 80

shared
		i1_PIN6        		CODE           	00BF	0000	15
		__initialization		CODE           	003A	0000	16

shared estimated size: 31

IO_Controls.c
		_InitialisePorts		CODE           	0087	0000	24
		_PIN5          		CODE           	00CD	0000	15
		_PIN6          		CODE           	00B1	0000	15

IO_Controls.c estimated size: 54

