Microchip MPLAB XC8 Compiler V1.45 ()

Linker command line:

-W-3 --edf=C:\Program Files (x86)\Microchip\xc8\v1.45\dat\en_msgs.txt -cs \
  -h+dist/default/production\PIC_program.X.production.sym \
  --cmf=dist/default/production\PIC_program.X.production.cmf -z -Q16F1824 \
  -oC:\Users\Evan\AppData\Local\Temp\s79k.2 \
  -Mdist/default/production/PIC_program.X.production.map -E1 -ver=XC8 \
  -ASTACK=0207Fh-020efh -pstack=STACK -ACODE=00h-07FFhx2 \
  -ASTRCODE=00h-0FFFh -ASTRING=00h-0FFhx16 -ACONST=00h-0FFhx16 \
  -AENTRY=00h-0FFhx16 -ACOMMON=070h-07Fh -ABANK0=020h-06Fh \
  -ABANK1=0A0h-0EFh -ABANK2=0120h-016Fh -ABIGRAM=02000h-020EFh \
  -ARAM=020h-06Fh,0A0h-0EFh,0120h-016Fh \
  -AABS1=020h-07Fh,0A0h-0EFh,0120h-016Fh -ASFR0=00h-01Fh -ASFR1=080h-09Fh \
  -ASFR2=0100h-011Fh -ASFR3=0180h-01EFh -ASFR4=0200h-026Fh \
  -ASFR5=0280h-02EFh -ASFR6=0300h-036Fh -ASFR7=0380h-03EFh \
  -ASFR8=0400h-046Fh -ASFR9=0480h-04EFh -ASFR10=0500h-056Fh \
  -ASFR11=0580h-05EFh -ASFR12=0600h-066Fh -ASFR13=0680h-06EFh \
  -ASFR14=0700h-076Fh -ASFR15=0780h-07EFh -ASFR16=0800h-086Fh \
  -ASFR17=0880h-08EFh -ASFR18=0900h-096Fh -ASFR19=0980h-09EFh \
  -ASFR20=0A00h-0A6Fh -ASFR21=0A80h-0AEFh -ASFR22=0B00h-0B6Fh \
  -ASFR23=0B80h-0BEFh -ASFR24=0C00h-0C6Fh -ASFR25=0C80h-0CEFh \
  -ASFR26=0D00h-0D6Fh -ASFR27=0D80h-0DEFh -ASFR28=0E00h-0E6Fh \
  -ASFR29=0E80h-0EEFh -ASFR30=0F00h-0F6Fh -ASFR31=0F80h-0FEFh \
  -preset_vec=00h,intentry=04h,init,end_init -ppowerup=CODE -pcinit=CODE \
  -pfunctab=ENTRY -ACONFIG=08007h-08008h -pconfig=CONFIG -DCONFIG=2 \
  -AIDLOC=08000h-08003h -pidloc=IDLOC -DIDLOC=2 -AEEDATA=00h-0FFh/0F000h \
  -peeprom_data=EEDATA -DEEDATA=2 -DCODE=2 -DSTRCODE=2 -DSTRING=2 -DCONST=2 \
  -DENTRY=2 -k C:\Users\Evan\AppData\Local\Temp\s79k.obj \
  dist/default/production\PIC_program.X.production.obj 

Object code version is 3.11

Machine type is 16F1824



                Name                               Link     Load   Length Selector   Space Scale
C:\Users\Evan\AppData\Local\Temp\s79k.obj
                end_init                             72       72        2        8       0
                reset_vec                             0        0        2        0       0
                config                             8007     8007        2    1000E       0
dist/default/production\PIC_program.X.production.obj
                cinit                                74       74       18        8       0
                intentry                              4        4       6E        8       0
                text42                              ED6      ED6        E     1DAC       0
                text41                              EE4      EE4        E     1DC8       0
                text40                              EF2      EF2        E     1DE4       0
                text39                              FC8      FC8       1C     1F90       0
                text37                              F96      F96       19     1F2C       0
                text36                              EBC      EBC        D     1D78       0
                text35                              F69      F69       16     1ED2       0
                text34                              F7F      F7F       17     1EFE       0
                text33                              F55      F55       14     1EAA       0
                text32                              F00      F00        E     1E00       0
                text31                              EA8      EA8        A     1D50       0
                text30                              770      770       25        8       0
                text29                              64F      64F       3A        8       0
                text28                              71B      71B       2B        8       0
                text27                              FE4      FE4       1C     1FC8       0
                text26                              EC9      EC9        D     1D92       0
                text25                              42C      42C       87        8       0
                text24                              51E      51E       65        8       0
                text23                              746      746       2A        8       0
                text22                              613      613       3C        8       0
                text21                              E9F      E9F        9     1D3E       0
                text20                              7B8      7B8       23        8       0
                text19                              689      689       35        8       0
                text18                              6EE      6EE       2D        8       0
                text17                              EB2      EB2        A     1D64       0
                text16                              2EA      2EA       B8        8       0
                text15                              F0E      F0E        E     1E1C       0
                text14                              795      795       23        8       0
                text13                              583      583       53        8       0
                text12                              6BE      6BE       30        8       0
                text11                              7DB      7DB       1C        8       0
                text10                              F46      F46        F     1E8C       0
                text9                               4B3      4B3       6B        8       0
                text8                               F1C      F1C        E     1E38       0
                text7                               F2A      F2A        E     1E54       0
                text6                               F38      F38        E     1E70       0
                text5                               E94      E94        5     1D28       0
                text4                               FAF      FAF       19     1F5E       0
                text3                               3A2      3A2       8A        8       0
                text2                               21C      21C       CE        8       0
                text1                                8C       8C      190        8       0
                maintext                            5D6      5D6       3D        8       0
                cstackBANK0                          20       20       38       20       1
                cstackCOMMON                         75       75        5       70       1
                cstackBANK1                          CC       CC        3       A0       1
                clrtext                             E99      E99        6     1D32       0
                bssBANK1                             A0       A0       2C       A0       1
                bssBANK0                             58       58       18       20       1
                bssCOMMON                            70       70        5       70       1
                stringtext1                         7F7      7F7        E      FEE       0

TOTAL           Name                               Link     Load   Length     Space
        CLASS   STACK          

        CLASS   CODE           
                end_init                             72       72        2         0
                cinit                                74       74       18         0
                intentry                              4        4       6E         0
                reset_vec                             0        0        2         0
                text42                              ED6      ED6        E         0
                text41                              EE4      EE4        E         0
                text40                              EF2      EF2        E         0
                text39                              FC8      FC8       1C         0
                text37                              F96      F96       19         0
                text36                              EBC      EBC        D         0
                text35                              F69      F69       16         0
                text34                              F7F      F7F       17         0
                text33                              F55      F55       14         0
                text32                              F00      F00        E         0
                text31                              EA8      EA8        A         0
                text30                              770      770       25         0
                text29                              64F      64F       3A         0
                text28                              71B      71B       2B         0
                text27                              FE4      FE4       1C         0
                text26                              EC9      EC9        D         0
                text25                              42C      42C       87         0
                text24                              51E      51E       65         0
                text23                              746      746       2A         0
                text22                              613      613       3C         0
                text21                              E9F      E9F        9         0
                text20                              7B8      7B8       23         0
                text19                              689      689       35         0
                text18                              6EE      6EE       2D         0
                text17                              EB2      EB2        A         0
                text16                              2EA      2EA       B8         0
                text15                              F0E      F0E        E         0
                text14                              795      795       23         0
                text13                              583      583       53         0
                text12                              6BE      6BE       30         0
                text11                              7DB      7DB       1C         0
                text10                              F46      F46        F         0
                text9                               4B3      4B3       6B         0
                text8                               F1C      F1C        E         0
                text7                               F2A      F2A        E         0
                text6                               F38      F38        E         0
                text5                               E94      E94        5         0
                text4                               FAF      FAF       19         0
                text3                               3A2      3A2       8A         0
                text2                               21C      21C       CE         0
                text1                                8C       8C      190         0
                maintext                            5D6      5D6       3D         0
                clrtext                             E99      E99        6         0

        CLASS   STRCODE        
                stringtext1                         7F7      7F7        E         0

        CLASS   STRING         

        CLASS   CONST          

        CLASS   ENTRY          

        CLASS   COMMON         
                cstackCOMMON                         75       75        5         1
                bssCOMMON                            70       70        5         1

        CLASS   BANK0          
                cstackBANK0                          20       20       38         1
                bssBANK0                             58       58       18         1

        CLASS   BANK1          
                cstackBANK1                          CC       CC        3         1
                bssBANK1                             A0       A0       2C         1

        CLASS   BANK2          

        CLASS   BIGRAM         

        CLASS   RAM            

        CLASS   ABS1           
                abs_s1                               7E       7E        2         1

        CLASS   SFR0           

        CLASS   SFR1           

        CLASS   SFR2           

        CLASS   SFR3           

        CLASS   SFR4           

        CLASS   SFR5           

        CLASS   SFR6           

        CLASS   SFR7           

        CLASS   SFR8           

        CLASS   SFR9           

        CLASS   SFR10          

        CLASS   SFR11          

        CLASS   SFR12          

        CLASS   SFR13          

        CLASS   SFR14          

        CLASS   SFR15          

        CLASS   SFR16          

        CLASS   SFR17          

        CLASS   SFR18          

        CLASS   SFR19          

        CLASS   SFR20          

        CLASS   SFR21          

        CLASS   SFR22          

        CLASS   SFR23          

        CLASS   SFR24          

        CLASS   SFR25          

        CLASS   SFR26          

        CLASS   SFR27          

        CLASS   SFR28          

        CLASS   SFR29          

        CLASS   SFR30          

        CLASS   SFR31          

        CLASS   CONFIG         
                config                             8007     8007        2         0

        CLASS   IDLOC          

        CLASS   EEDATA         

        CLASS   BANK31         

        CLASS   BANK30         

        CLASS   BANK29         

        CLASS   BANK28         

        CLASS   BANK27         

        CLASS   BANK26         

        CLASS   BANK25         

        CLASS   BANK24         

        CLASS   BANK23         

        CLASS   BANK22         

        CLASS   BANK21         

        CLASS   BANK20         

        CLASS   BANK19         

        CLASS   BANK18         

        CLASS   BANK17         

        CLASS   BANK16         

        CLASS   BANK15         

        CLASS   BANK14         

        CLASS   BANK13         

        CLASS   BANK12         

        CLASS   BANK11         

        CLASS   BANK10         

        CLASS   BANK9          

        CLASS   BANK8          

        CLASS   BANK7          

        CLASS   BANK6          

        CLASS   BANK5          

        CLASS   BANK4          

        CLASS   BANK3          



SEGMENTS        Name                           Load    Length   Top    Selector   Space  Class     Delta

                reset_vec                      000000  000002  000002         0       0  CODE        2
                intentry                       000004  0007F3  0007F7         8       0  CODE        2
                cstackBANK0                    000020  000050  000070        20       1  BANK0       1
                bssCOMMON                      000070  00000A  00007A        70       1  COMMON      1
                bssBANK1                       0000A0  00002F  0000CF        A0       1  BANK1       1
                stringtext1                    0007F7  00000E  000805       FEE       0  STRCODE     2
                text5                          000E94  000005  000E99      1D28       0  CODE        2
                clrtext                        000E99  000006  000E9F      1D32       0  CODE        2
                text21                         000E9F  000009  000EA8      1D3E       0  CODE        2
                text31                         000EA8  00000A  000EB2      1D50       0  CODE        2
                text17                         000EB2  00000A  000EBC      1D64       0  CODE        2
                text36                         000EBC  00000D  000EC9      1D78       0  CODE        2
                text26                         000EC9  00000D  000ED6      1D92       0  CODE        2
                text42                         000ED6  00000E  000EE4      1DAC       0  CODE        2
                text41                         000EE4  00000E  000EF2      1DC8       0  CODE        2
                text40                         000EF2  00000E  000F00      1DE4       0  CODE        2
                text32                         000F00  00000E  000F0E      1E00       0  CODE        2
                text15                         000F0E  00000E  000F1C      1E1C       0  CODE        2
                text8                          000F1C  00000E  000F2A      1E38       0  CODE        2
                text7                          000F2A  00000E  000F38      1E54       0  CODE        2
                text6                          000F38  00000E  000F46      1E70       0  CODE        2
                text10                         000F46  00000F  000F55      1E8C       0  CODE        2
                text33                         000F55  000014  000F69      1EAA       0  CODE        2
                text35                         000F69  000016  000F7F      1ED2       0  CODE        2
                text34                         000F7F  000017  000F96      1EFE       0  CODE        2
                text37                         000F96  000019  000FAF      1F2C       0  CODE        2
                text4                          000FAF  000019  000FC8      1F5E       0  CODE        2
                text39                         000FC8  00001C  000FE4      1F90       0  CODE        2
                text27                         000FE4  00001C  001000      1FC8       0  CODE        2
                config                         008007  000002  008009     1000E       0  CONFIG      2


UNUSED ADDRESS RANGES

        Name                Unused          Largest block    Delta
        BANK1            000CF-000EF              21           1
        BANK2            00120-0016F              50           1
        BIGRAM           02000-020EF              F0           1
        CODE             00002-00003               2           2
                         00805-00E93             68F
        COMMON           0007A-0007D               4           1
        CONST            00002-00003               2           2
                         00805-00E93             100
        EEDATA           0F000-0F0FF             100           2
        ENTRY            00002-00003               2           2
                         00805-00E93             100
        IDLOC            08000-08003               4           2
        RAM              000CF-000EF              21           1
                         00120-0016F              50
        SFR0             00000-0001F              20           1
        SFR1             00080-0009F              20           1
        SFR10            00500-0056F              70           1
        SFR11            00580-005EF              70           1
        SFR12            00600-0066F              70           1
        SFR13            00680-006EF              70           1
        SFR14            00700-0076F              70           1
        SFR15            00780-007EF              70           1
        SFR16            00800-0086F              70           1
        SFR17            00880-008EF              70           1
        SFR18            00900-0096F              70           1
        SFR19            00980-009EF              70           1
        SFR2             00100-0011F              20           1
        SFR20            00A00-00A6F              70           1
        SFR21            00A80-00AEF              70           1
        SFR22            00B00-00B6F              70           1
        SFR23            00B80-00BEF              70           1
        SFR24            00C00-00C6F              70           1
        SFR25            00C80-00CEF              70           1
        SFR26            00D00-00D6F              70           1
        SFR27            00D80-00DEF              70           1
        SFR28            00E00-00E6F              70           1
        SFR29            00E80-00EEF              70           1
        SFR3             00180-001EF              70           1
        SFR30            00F00-00F6F              70           1
        SFR31            00F80-00FEF              70           1
        SFR4             00200-0026F              70           1
        SFR5             00280-002EF              70           1
        SFR6             00300-0036F              70           1
        SFR7             00380-003EF              70           1
        SFR8             00400-0046F              70           1
        SFR9             00480-004EF              70           1
        STACK            0207F-020EF              71           1
        STRCODE          00002-00003               2           2
                         00805-00E93             68F
        STRING           00002-00003               2           2
                         00805-00E93             100

                                  Symbol Table

?_ReadADC                      cstackBANK0  00020
?_Timer1                       cstackBANK0  00020
?_Timer1Read                   cstackBANK0  00020
?___ftneg                      cstackBANK0  00020
?___ftpack                     cstackBANK0  00020
?___fttol                      cstackBANK0  00043
?___lldiv                      cstackBANK0  0002C
?___lltoft                     cstackBANK0  0003A
?___lmul                       cstackBANK0  00020
?___lwdiv                      cstackBANK0  00020
?___lwmod                      cstackBANK0  00028
?___wmul                       cstackBANK0  00020
?_atoi                         cstackBANK0  00026
?_fabs                         cstackBANK0  00040
?_printf                       cstackBANK0  0002E
?i1_Timer1                     cstackCOMMON 00075
ADC_OPTO_Relay@OnOff           cstackBANK0  00021
Fail_LED@OnOff                 cstackBANK0  00021
PassLED@OnOff                  cstackBANK0  00021
SCR@OnOff                      cstackBANK0  00021
SCR_Relay@OnOff                cstackBANK0  00021
UART_TX@data                   cstackBANK0  00020
UART_TX_String@i               cstackBANK0  00025
UART_TX_String@string          cstackBANK0  00027
_ADCON0bits                    (abs)        0009D
_ADCON1bits                    (abs)        0009E
_ADC_OPTO_Relay                text8        00F1C
_ADC_Test                      bssCOMMON    00070
_ADFM                          (abs)        004F7
_ADIE                          (abs)        0048E
_ADON                          (abs)        004E8
_ADRESH                        (abs)        0009C
_ADRESL                        (abs)        0009B
_ANSELA                        (abs)        0018C
_ANSELAbits                    (abs)        0018C
_ANSELC                        (abs)        0018E
_APFCON0bits                   (abs)        0011D
_BAUDCONbits                   (abs)        0019F
_FVRCON                        (abs)        00117
_Fail_LED                      text32       00F00
_GO_nDONE                      (abs)        004E9
_HFIOFR                        (abs)        004D4
_INTCON                        (abs)        0000B
_INTCONbits                    (abs)        0000B
_IOCAFbits                     (abs)        00393
_IOCAPbits                     (abs)        00391
_ISR                           intentry     00004
_InitUSART                     text37       00F96
_Init_TMR1                     text36       00EBC
_InitialiseADC                 text35       00F69
_InitialisePorts               text34       00F7F
_LATA                          (abs)        0010C
_LATC                          (abs)        0010E
_NegCycle                      bssBANK0     0005E
_OPTION_REG                    (abs)        00095
_OSCCON                        (abs)        00099
_PIE1bits                      (abs)        00091
_PIR1bits                      (abs)        00011
_PORTA                         (abs)        0000C
_PORTAbits                     (abs)        0000C
_PORTC                         (abs)        0000E
_PassLED                       text15       00F0E
_PoW                           bssBANK0     0006C
_PosCycle                      bssBANK0     00060
_RCREG                         (abs)        00199
_RCSTAbits                     (abs)        0019D
_ReadADC                       text28       0071B
_SCR                           text7        00F2A
_SCR_On                        bssBANK1     000AE
_SCR_Relay                     text6        00F38
_SPBRG                         (abs)        0019B
_T1CON                         (abs)        00018
_T1CONbits                     (abs)        00018
_T1GCON                        (abs)        00019
_TMR1H                         (abs)        00017
_TMR1L                         (abs)        00016
_TMR1ON                        (abs)        000C0
_TMR1Reset                     text5        00E94
_TRISA                         (abs)        0008C
_TRISAbits                     (abs)        0008C
_TRISC                         (abs)        0008E
_TRMT                          (abs)        00CF1
_TXIF                          (abs)        0008C
_TXREG                         (abs)        0019A
_TXSTAbits                     (abs)        0019E
_Timer1                        text27       00FE4
_Timer1Read                    text4        00FAF
_ToggleGLED                    text26       00EC9
_UART_RX_String                text42       00ED6
_UART_TX                       text31       00EA8
_UART_TX_String                text14       00795
__CFG_BOREN$ON                 (abs)        00000
__CFG_BORV$LO                  (abs)        00000
__CFG_CLKOUTEN$OFF             (abs)        00000
__CFG_CP$OFF                   (abs)        00000
__CFG_CPD$OFF                  (abs)        00000
__CFG_FCMEN$OFF                (abs)        00000
__CFG_FOSC$INTOSC              (abs)        00000
__CFG_IESO$OFF                 (abs)        00000
__CFG_LVP$OFF                  (abs)        00000
__CFG_MCLRE$OFF                (abs)        00000
__CFG_PLLEN$OFF                (abs)        00000
__CFG_PWRTE$ON                 (abs)        00000
__CFG_STVREN$ON                (abs)        00000
__CFG_WDTE$OFF                 (abs)        00000
__CFG_WRT$OFF                  (abs)        00000
__Habs1                        abs1         00000
__Hbank0                       bank0        00000
__Hbank1                       bank1        00000
__Hbank10                      bank10       00000
__Hbank11                      bank11       00000
__Hbank12                      bank12       00000
__Hbank13                      bank13       00000
__Hbank14                      bank14       00000
__Hbank15                      bank15       00000
__Hbank16                      bank16       00000
__Hbank17                      bank17       00000
__Hbank18                      bank18       00000
__Hbank19                      bank19       00000
__Hbank2                       bank2        00000
__Hbank20                      bank20       00000
__Hbank21                      bank21       00000
__Hbank22                      bank22       00000
__Hbank23                      bank23       00000
__Hbank24                      bank24       00000
__Hbank25                      bank25       00000
__Hbank26                      bank26       00000
__Hbank27                      bank27       00000
__Hbank28                      bank28       00000
__Hbank29                      bank29       00000
__Hbank3                       bank3        00000
__Hbank30                      bank30       00000
__Hbank31                      bank31       00000
__Hbank4                       bank4        00000
__Hbank5                       bank5        00000
__Hbank6                       bank6        00000
__Hbank7                       bank7        00000
__Hbank8                       bank8        00000
__Hbank9                       bank9        00000
__Hbigram                      bigram       00000
__HbssBANK0                    bssBANK0     00000
__HbssBANK1                    bssBANK1     00000
__HbssCOMMON                   bssCOMMON    00000
__Hcinit                       cinit        0008C
__Hclrtext                     clrtext      00000
__Hcode                        code         00000
__Hcommon                      common       00000
__Hconfig                      config       08009
__HcstackBANK0                 cstackBANK0  00000
__HcstackBANK1                 cstackBANK1  00000
__HcstackCOMMON                cstackCOMMON 00000
__Heeprom_data                 eeprom_data  00000
__Hend_init                    end_init     00074
__Hfunctab                     functab      00000
__Hidloc                       idloc        00000
__Hinit                        init         00072
__Hintentry                    intentry     00072
__Hmaintext                    maintext     00000
__Hpowerup                     powerup      00000
__Hram                         ram          00000
__Hreset_vec                   reset_vec    00002
__Hsfr0                        sfr0         00000
__Hsfr1                        sfr1         00000
__Hsfr10                       sfr10        00000
__Hsfr11                       sfr11        00000
__Hsfr12                       sfr12        00000
__Hsfr13                       sfr13        00000
__Hsfr14                       sfr14        00000
__Hsfr15                       sfr15        00000
__Hsfr16                       sfr16        00000
__Hsfr17                       sfr17        00000
__Hsfr18                       sfr18        00000
__Hsfr19                       sfr19        00000
__Hsfr2                        sfr2         00000
__Hsfr20                       sfr20        00000
__Hsfr21                       sfr21        00000
__Hsfr22                       sfr22        00000
__Hsfr23                       sfr23        00000
__Hsfr24                       sfr24        00000
__Hsfr25                       sfr25        00000
__Hsfr26                       sfr26        00000
__Hsfr27                       sfr27        00000
__Hsfr28                       sfr28        00000
__Hsfr29                       sfr29        00000
__Hsfr3                        sfr3         00000
__Hsfr30                       sfr30        00000
__Hsfr31                       sfr31        00000
__Hsfr4                        sfr4         00000
__Hsfr5                        sfr5         00000
__Hsfr6                        sfr6         00000
__Hsfr7                        sfr7         00000
__Hsfr8                        sfr8         00000
__Hsfr9                        sfr9         00000
__Hspace_0                     (abs)        08009
__Hspace_1                     (abs)        000CF
__Hspace_2                     (abs)        00000
__Hspace_3                     (abs)        00000
__Hstack                       stack        00000
__Hstrings                     strings      00000
__Hstringtext1                 stringtext1  00000
__Hstringtext2                 stringtext2  00000
__Htext                        text         00000
__Labs1                        abs1         00000
__Lbank0                       bank0        00000
__Lbank1                       bank1        00000
__Lbank10                      bank10       00000
__Lbank11                      bank11       00000
__Lbank12                      bank12       00000
__Lbank13                      bank13       00000
__Lbank14                      bank14       00000
__Lbank15                      bank15       00000
__Lbank16                      bank16       00000
__Lbank17                      bank17       00000
__Lbank18                      bank18       00000
__Lbank19                      bank19       00000
__Lbank2                       bank2        00000
__Lbank20                      bank20       00000
__Lbank21                      bank21       00000
__Lbank22                      bank22       00000
__Lbank23                      bank23       00000
__Lbank24                      bank24       00000
__Lbank25                      bank25       00000
__Lbank26                      bank26       00000
__Lbank27                      bank27       00000
__Lbank28                      bank28       00000
__Lbank29                      bank29       00000
__Lbank3                       bank3        00000
__Lbank30                      bank30       00000
__Lbank31                      bank31       00000
__Lbank4                       bank4        00000
__Lbank5                       bank5        00000
__Lbank6                       bank6        00000
__Lbank7                       bank7        00000
__Lbank8                       bank8        00000
__Lbank9                       bank9        00000
__Lbigram                      bigram       00000
__LbssBANK0                    bssBANK0     00000
__LbssBANK1                    bssBANK1     00000
__LbssCOMMON                   bssCOMMON    00000
__Lcinit                       cinit        00074
__Lclrtext                     clrtext      00000
__Lcode                        code         00000
__Lcommon                      common       00000
__Lconfig                      config       08007
__LcstackBANK0                 cstackBANK0  00000
__LcstackBANK1                 cstackBANK1  00000
__LcstackCOMMON                cstackCOMMON 00000
__Leeprom_data                 eeprom_data  00000
__Lend_init                    end_init     00072
__Lfunctab                     functab      00000
__Lidloc                       idloc        00000
__Linit                        init         00072
__Lintentry                    intentry     00004
__Lmaintext                    maintext     00000
__Lpowerup                     powerup      00000
__Lram                         ram          00000
__Lreset_vec                   reset_vec    00000
__Lsfr0                        sfr0         00000
__Lsfr1                        sfr1         00000
__Lsfr10                       sfr10        00000
__Lsfr11                       sfr11        00000
__Lsfr12                       sfr12        00000
__Lsfr13                       sfr13        00000
__Lsfr14                       sfr14        00000
__Lsfr15                       sfr15        00000
__Lsfr16                       sfr16        00000
__Lsfr17                       sfr17        00000
__Lsfr18                       sfr18        00000
__Lsfr19                       sfr19        00000
__Lsfr2                        sfr2         00000
__Lsfr20                       sfr20        00000
__Lsfr21                       sfr21        00000
__Lsfr22                       sfr22        00000
__Lsfr23                       sfr23        00000
__Lsfr24                       sfr24        00000
__Lsfr25                       sfr25        00000
__Lsfr26                       sfr26        00000
__Lsfr27                       sfr27        00000
__Lsfr28                       sfr28        00000
__Lsfr29                       sfr29        00000
__Lsfr3                        sfr3         00000
__Lsfr30                       sfr30        00000
__Lsfr31                       sfr31        00000
__Lsfr4                        sfr4         00000
__Lsfr5                        sfr5         00000
__Lsfr6                        sfr6         00000
__Lsfr7                        sfr7         00000
__Lsfr8                        sfr8         00000
__Lsfr9                        sfr9         00000
__Lspace_0                     (abs)        00000
__Lspace_1                     (abs)        00000
__Lspace_2                     (abs)        00000
__Lspace_3                     (abs)        00000
__Lstack                       stack        00000
__Lstrings                     strings      00000
__Lstringtext1                 stringtext1  00000
__Lstringtext2                 stringtext2  00000
__Ltext                        text         00000
__S0                           (abs)        08009
__S1                           (abs)        000CF
__S2                           (abs)        00000
__S3                           (abs)        00000
___ftge                        text22       00613
___ftge@ff1                    cstackBANK0  00020
___ftge@ff2                    cstackBANK0  00023
___ftneg                       text21       00E9F
___ftneg@f1                    cstackBANK0  00020
___ftpack                      text24       0051E
___ftpack@arg                  cstackBANK0  00020
___ftpack@exp                  cstackBANK0  00023
___ftpack@sign                 cstackBANK0  00024
___fttol                       text25       0042C
___fttol@exp1                  cstackBANK0  00050
___fttol@f1                    cstackBANK0  00043
___fttol@lval                  cstackBANK0  0004C
___fttol@sign1                 cstackBANK0  0004B
___int_sp                      stack        00000
___latbits                     (abs)        00001
___lldiv                       text13       00583
___lldiv@counter               cstackBANK0  00039
___lldiv@dividend              cstackBANK0  00030
___lldiv@divisor               cstackBANK0  0002C
___lldiv@quotient              cstackBANK0  00035
___lltoft                      text23       00746
___lltoft@c                    cstackBANK0  0003A
___lltoft@exp                  cstackBANK0  0003F
___lmul                        text12       006BE
___lmul@multiplicand           cstackBANK0  00024
___lmul@multiplier             cstackBANK0  00020
___lmul@product                cstackBANK0  00028
___lwdiv                       text19       00689
___lwdiv@counter               cstackBANK0  00025
___lwdiv@dividend              cstackBANK0  00022
___lwdiv@divisor               cstackBANK0  00020
___lwdiv@quotient              cstackBANK0  00026
___lwmod                       text18       006EE
___lwmod@counter               cstackBANK0  0002D
___lwmod@dividend              cstackBANK0  0002A
___lwmod@divisor               cstackBANK0  00028
___sp                          stack        00000
___wmul                        text11       007DB
___wmul@multiplicand           cstackBANK0  00022
___wmul@multiplier             cstackBANK0  00020
___wmul@product                cstackBANK0  00024
__end_of_ADC_OPTO_Relay        text8        00F2A
__end_of_Fail_LED              text32       00F0E
__end_of_ISR                   intentry     00072
__end_of_InitUSART             text37       00FAF
__end_of_Init_TMR1             text36       00EC9
__end_of_InitialiseADC         text35       00F7F
__end_of_InitialisePorts       text34       00F96
__end_of_PassLED               text15       00F1C
__end_of_ReadADC               text28       00746
__end_of_SCR                   text7        00F38
__end_of_SCR_Relay             text6        00F46
__end_of_TMR1Reset             text5        00E99
__end_of_Timer1                text27       01000
__end_of_Timer1Read            text4        00FC8
__end_of_ToggleGLED            text26       00ED6
__end_of_UART_RX_String        text42       00EE4
__end_of_UART_TX               text31       00EB2
__end_of_UART_TX_String        text14       007B8
__end_of___ftge                text22       0064F
__end_of___ftneg               text21       00EA8
__end_of___ftpack              text24       00583
__end_of___fttol               text25       004B3
__end_of___lldiv               text13       005D6
__end_of___lltoft              text23       00770
__end_of___lmul                text12       006EE
__end_of___lwdiv               text19       006BE
__end_of___lwmod               text18       0071B
__end_of___wmul                text11       007F7
__end_of__initialization       cinit        00088
__end_of_atoi                  text9        0051E
__end_of_beginHighCurrentTest  text3        0042C
__end_of_dpowers               stringtext1  00801
__end_of_empty_RX_BUFF         text30       00795
__end_of_fabs                  text20       007DB
__end_of_initPIC               text33       00F69
__end_of_isdigit               text10       00F55
__end_of_main                  maintext     00613
__end_of_pi3Connect            text29       00689
__end_of_printf                text16       003A2
__end_of_putch                 text17       00EBC
__end_of_setupTestParameters   text2        002EA
__end_of_verifyACSignal        text1        0021C
__end_ofi1_Fail_LED            text41       00EF2
__end_ofi1_PassLED             text40       00F00
__end_ofi1_Timer1              text39       00FE4
__initialization               cinit        00074
__pbssBANK0                    bssBANK0     00058
__pbssBANK1                    bssBANK1     000A0
__pbssCOMMON                   bssCOMMON    00070
__pcstackBANK0                 cstackBANK0  00020
__pcstackBANK1                 cstackBANK1  000CC
__pcstackCOMMON                cstackCOMMON 00075
__pintentry                    intentry     00004
__pmaintext                    maintext     005D6
__pstringtext1                 stringtext1  007F7
__pstringtext2                 stringtext2  00000
__ptext1                       text1        0008C
__ptext10                      text10       00F46
__ptext11                      text11       007DB
__ptext12                      text12       006BE
__ptext13                      text13       00583
__ptext14                      text14       00795
__ptext15                      text15       00F0E
__ptext16                      text16       002EA
__ptext17                      text17       00EB2
__ptext18                      text18       006EE
__ptext19                      text19       00689
__ptext2                       text2        0021C
__ptext20                      text20       007B8
__ptext21                      text21       00E9F
__ptext22                      text22       00613
__ptext23                      text23       00746
__ptext24                      text24       0051E
__ptext25                      text25       0042C
__ptext26                      text26       00EC9
__ptext27                      text27       00FE4
__ptext28                      text28       0071B
__ptext29                      text29       0064F
__ptext3                       text3        003A2
__ptext30                      text30       00770
__ptext31                      text31       00EA8
__ptext32                      text32       00F00
__ptext33                      text33       00F55
__ptext34                      text34       00F7F
__ptext35                      text35       00F69
__ptext36                      text36       00EBC
__ptext37                      text37       00F96
__ptext39                      text39       00FC8
__ptext4                       text4        00FAF
__ptext40                      text40       00EF2
__ptext41                      text41       00EE4
__ptext42                      text42       00ED6
__ptext5                       text5        00E94
__ptext6                       text6        00F38
__ptext7                       text7        00F2A
__ptext8                       text8        00F1C
__ptext9                       text9        004B3
__size_of_ADC_OPTO_Relay       (abs)        00000
__size_of_Fail_LED             (abs)        00000
__size_of_ISR                  (abs)        00000
__size_of_InitUSART            (abs)        00000
__size_of_Init_TMR1            (abs)        00000
__size_of_InitialiseADC        (abs)        00000
__size_of_InitialisePorts      (abs)        00000
__size_of_PassLED              (abs)        00000
__size_of_ReadADC              (abs)        00000
__size_of_SCR                  (abs)        00000
__size_of_SCR_Relay            (abs)        00000
__size_of_TMR1Reset            (abs)        00000
__size_of_Timer1               (abs)        00000
__size_of_Timer1Read           (abs)        00000
__size_of_ToggleGLED           (abs)        00000
__size_of_UART_RX_String       (abs)        00000
__size_of_UART_TX              (abs)        00000
__size_of_UART_TX_String       (abs)        00000
__size_of___ftge               (abs)        00000
__size_of___ftneg              (abs)        00000
__size_of___ftpack             (abs)        00000
__size_of___fttol              (abs)        00000
__size_of___lldiv              (abs)        00000
__size_of___lltoft             (abs)        00000
__size_of___lmul               (abs)        00000
__size_of___lwdiv              (abs)        00000
__size_of___lwmod              (abs)        00000
__size_of___wmul               (abs)        00000
__size_of_atoi                 (abs)        00000
__size_of_beginHighCurrentTest (abs)        00000
__size_of_empty_RX_BUFF        (abs)        00000
__size_of_fabs                 (abs)        00000
__size_of_initPIC              (abs)        00000
__size_of_isdigit              (abs)        00000
__size_of_main                 (abs)        00000
__size_of_pi3Connect           (abs)        00000
__size_of_printf               (abs)        00000
__size_of_putch                (abs)        00000
__size_of_setupTestParameters  (abs)        00000
__size_of_verifyACSignal       (abs)        00000
__size_ofi1_Fail_LED           (abs)        00000
__size_ofi1_PassLED            (abs)        00000
__size_ofi1_Timer1             (abs)        00000
_adcData                       bssBANK1     000B6
_adcSample                     bssBANK0     00068
_atoi                          text9        004B3
_aveTmr1Val                    bssBANK0     00058
_beginHighCurrentTest          text3        003A2
_cycles                        bssBANK1     000AA
_dpowers                       stringtext1  007F7
_empty_RX_BUFF                 text30       00770
_fabs                          text20       007B8
_initPIC                       text33       00F55
_isdigit                       text10       00F46
_isdigit$1122                  cstackBANK0  00020
_main                          maintext     005D6
_mainTest                      bssBANK1     000B0
_pi3Connect                    text29       0064F
_portA                         bssCOMMON    00074
_portC                         bssCOMMON    00073
_printf                        text16       002EA
_ptr                           bssCOMMON    00072
_putch                         text17       00EB2
_rxArray                       bssBANK1     000B8
_rxFlag                        bssBANK1     000AC
_sampleVal                     bssBANK1     000B2
_setupTestParameters           text2        0021C
_temp_time                     bssBANK0     0005C
_tmr1Samples                   bssBANK0     00064
_tmr1Start                     bssBANK0     00062
_tmr1StartFlag                 bssBANK0     00066
_tmr1Val                       bssBANK1     000A4
_txByte                        bssBANK0     0006B
_verifyACSignal                text1        0008C
atoi@a                         cstackBANK0  0002B
atoi@s                         cstackBANK0  0002D
atoi@sign                      cstackBANK0  0002A
beginHighCurrentTest@i         cstackBANK0  00028
btemp                          (abs)        0007E
clear_ram0                     clrtext      00E99
empty_RX_BUFF@i                cstackBANK0  00021
end_of_initialization          cinit        00088
fabs@d                         cstackBANK0  00040
i1Fail_LED@OnOff               cstackCOMMON 00076
i1PassLED@OnOff                cstackCOMMON 00076
i1_Fail_LED                    text41       00EE4
i1_PassLED                     text40       00EF2
i1_Timer1                      text39       00FC8
int$flags                      (abs)        0007E
intlevel0                      functab      00000
intlevel1                      functab      00000
intlevel2                      functab      00000
intlevel3                      functab      00000
intlevel4                      functab      00000
intlevel5                      functab      00000
isdigit@c                      cstackBANK0  00021
main@i                         cstackBANK1  000CD
pi3Connect@handshake           cstackBANK0  00025
printf@ap                      cstackBANK0  00038
printf@c                       cstackBANK0  0003D
printf@f                       cstackBANK0  0002E
printf@flag                    cstackBANK0  00039
printf@prec                    cstackBANK0  0003A
printf@val                     cstackBANK0  0003B
putch@c                        cstackBANK0  00020
reset_vec                      reset_vec    00000
setupTestParameters@handshake3 cstackBANK0  0003C
stackhi                        (abs)        020EF
stacklo                        (abs)        0207F
start                          init         00072
start_initialization           cinit        00074
verifyACSignal@handshake2      cstackBANK0  00057
verifyACSignal@i               cstackBANK0  00055
wtemp0                         (abs)        0007E


FUNCTION INFORMATION:

 *************** function _main *****************
 Defined at:
		line 39 in file "newmain.c"
 Parameters:    Size  Location     Type
		None
 Auto vars:     Size  Location     Type
  i               2    1[BANK1 ] int 
 Return value:  Size  Location     Type
                  2  130[None  ] int 
 Registers used:
		wreg, fsr0l, fsr0h, fsr1l, fsr1h, status,2, status,0, pclath, cstack
 Tracked objects:
		On entry : 
		On exit  : 
		Unchanged: 
 Data sizes:     COMMON   BANK0   BANK1   BANK2
      Params:         0       0       0       0
      Locals:         0       0       2       0
      Temps:          0       0       1       0
      Totals:         0       0       3       0
Total ram usage:        3 bytes
 Hardware stack levels required when called:    6
 This function calls:
		_ToggleGLED
		_initPIC
		_pi3Connect
		_verifyACSignal
 This function is called by:
		Startup code after reset
 This function uses a non-reentrant model


 *************** function _verifyACSignal *****************
 Defined at:
		line 120 in file "newmain.c"
 Parameters:    Size  Location     Type
		None
 Auto vars:     Size  Location     Type
  i               2   53[BANK0 ] int 
  handshake2      1   55[BANK0 ] unsigned char 
 Return value:  Size  Location     Type
                  1    wreg      void 
 Registers used:
		wreg, fsr0l, fsr0h, fsr1l, fsr1h, status,2, status,0, pclath, cstack
 Tracked objects:
		On entry : 
		On exit  : 
		Unchanged: 
 Data sizes:     COMMON   BANK0   BANK1   BANK2
      Params:         0       0       0       0
      Locals:         0       3       0       0
      Temps:          0       4       0       0
      Totals:         0       7       0       0
Total ram usage:        7 bytes
 Hardware stack levels used:    1
 Hardware stack levels required when called:    5
 This function calls:
		_ADC_OPTO_Relay
		_ReadADC
		_Timer1
		_ToggleGLED
		_UART_TX
		___fttol
		___lldiv
		___lltoft
		_empty_RX_BUFF
		_fabs
		_printf
		_setupTestParameters
 This function is called by:
		_main
 This function uses a non-reentrant model


 *************** function _setupTestParameters *****************
 Defined at:
		line 228 in file "newmain.c"
 Parameters:    Size  Location     Type
		None
 Auto vars:     Size  Location     Type
  handshake3      1   28[BANK0 ] unsigned char 
 Return value:  Size  Location     Type
                  1    wreg      void 
 Registers used:
		wreg, fsr1l, fsr1h, status,2, status,0, pclath, cstack
 Tracked objects:
		On entry : 
		On exit  : 
		Unchanged: 
 Data sizes:     COMMON   BANK0   BANK1   BANK2
      Params:         0       0       0       0
      Locals:         0       1       0       0
      Temps:          0       2       0       0
      Totals:         0       3       0       0
Total ram usage:        3 bytes
 Hardware stack levels used:    1
 Hardware stack levels required when called:    4
 This function calls:
		_PassLED
		_UART_TX
		_UART_TX_String
		___lldiv
		___lmul
		_atoi
		_beginHighCurrentTest
		_empty_RX_BUFF
 This function is called by:
		_verifyACSignal
 This function uses a non-reentrant model


 *************** function _beginHighCurrentTest *****************
 Defined at:
		line 284 in file "newmain.c"
 Parameters:    Size  Location     Type
		None
 Auto vars:     Size  Location     Type
  i               2    8[BANK0 ] int 
 Return value:  Size  Location     Type
                  1    wreg      void 
 Registers used:
		wreg, status,2, status,0, pclath, cstack
 Tracked objects:
		On entry : 
		On exit  : 
		Unchanged: 
 Data sizes:     COMMON   BANK0   BANK1   BANK2
      Params:         0       0       0       0
      Locals:         0       2       0       0
      Temps:          0       4       0       0
      Totals:         0       6       0       0
Total ram usage:        6 bytes
 Hardware stack levels used:    1
 Hardware stack levels required when called:    3
 This function calls:
		_ADC_OPTO_Relay
		_SCR
		_SCR_Relay
		_TMR1Reset
		_Timer1Read
 This function is called by:
		_setupTestParameters
 This function uses a non-reentrant model


 *************** function _Timer1Read *****************
 Defined at:
		line 45 in file "Timer.c"
 Parameters:    Size  Location     Type
		None
 Auto vars:     Size  Location     Type
		None
 Return value:  Size  Location     Type
                  2    0[BANK0 ] unsigned int 
 Registers used:
		wreg
 Tracked objects:
		On entry : 
		On exit  : 
		Unchanged: 
 Data sizes:     COMMON   BANK0   BANK1   BANK2
      Params:         0       2       0       0
      Locals:         0       0       0       0
      Temps:          0       2       0       0
      Totals:         0       4       0       0
Total ram usage:        4 bytes
 Hardware stack levels used:    1
 Hardware stack levels required when called:    2
 This function calls:
		Nothing
 This function is called by:
		_beginHighCurrentTest
 This function uses a non-reentrant model


 *************** function _TMR1Reset *****************
 Defined at:
		line 54 in file "Timer.c"
 Parameters:    Size  Location     Type
		None
 Auto vars:     Size  Location     Type
		None
 Return value:  Size  Location     Type
                  1    wreg      void 
 Registers used:
		status,2
 Tracked objects:
		On entry : 
		On exit  : 
		Unchanged: 
 Data sizes:     COMMON   BANK0   BANK1   BANK2
      Params:         0       0       0       0
      Locals:         0       0       0       0
      Temps:          0       0       0       0
      Totals:         0       0       0       0
Total ram usage:        0 bytes
 Hardware stack levels used:    1
 Hardware stack levels required when called:    2
 This function calls:
		Nothing
 This function is called by:
		_beginHighCurrentTest
 This function uses a non-reentrant model


 *************** function _SCR_Relay *****************
 Defined at:
		line 97 in file "IO_Controls.c"
 Parameters:    Size  Location     Type
  OnOff           1    wreg     unsigned char 
 Auto vars:     Size  Location     Type
  OnOff           1    1[BANK0 ] unsigned char 
 Return value:  Size  Location     Type
                  1    wreg      void 
 Registers used:
		wreg, status,2
 Tracked objects:
		On entry : 
		On exit  : 
		Unchanged: 
 Data sizes:     COMMON   BANK0   BANK1   BANK2
      Params:         0       0       0       0
      Locals:         0       1       0       0
      Temps:          0       1       0       0
      Totals:         0       2       0       0
Total ram usage:        2 bytes
 Hardware stack levels used:    1
 Hardware stack levels required when called:    2
 This function calls:
		Nothing
 This function is called by:
		_beginHighCurrentTest
 This function uses a non-reentrant model


 *************** function _SCR *****************
 Defined at:
		line 52 in file "IO_Controls.c"
 Parameters:    Size  Location     Type
  OnOff           1    wreg     unsigned char 
 Auto vars:     Size  Location     Type
  OnOff           1    1[BANK0 ] unsigned char 
 Return value:  Size  Location     Type
                  1    wreg      void 
 Registers used:
		wreg, status,2
 Tracked objects:
		On entry : 
		On exit  : 
		Unchanged: 
 Data sizes:     COMMON   BANK0   BANK1   BANK2
      Params:         0       0       0       0
      Locals:         0       1       0       0
      Temps:          0       1       0       0
      Totals:         0       2       0       0
Total ram usage:        2 bytes
 Hardware stack levels used:    1
 Hardware stack levels required when called:    2
 This function calls:
		Nothing
 This function is called by:
		_beginHighCurrentTest
 This function uses a non-reentrant model


 *************** function _ADC_OPTO_Relay *****************
 Defined at:
		line 75 in file "IO_Controls.c"
 Parameters:    Size  Location     Type
  OnOff           1    wreg     unsigned char 
 Auto vars:     Size  Location     Type
  OnOff           1    1[BANK0 ] unsigned char 
 Return value:  Size  Location     Type
                  1    wreg      void 
 Registers used:
		wreg, status,2
 Tracked objects:
		On entry : 
		On exit  : 
		Unchanged: 
 Data sizes:     COMMON   BANK0   BANK1   BANK2
      Params:         0       0       0       0
      Locals:         0       1       0       0
      Temps:          0       1       0       0
      Totals:         0       2       0       0
Total ram usage:        2 bytes
 Hardware stack levels used:    1
 Hardware stack levels required when called:    2
 This function calls:
		Nothing
 This function is called by:
		_verifyACSignal
		_beginHighCurrentTest
 This function uses a non-reentrant model


 *************** function _atoi *****************
 Defined at:
		line 5 in file "C:\Program Files (x86)\Microchip\xc8\v1.45\sources\common\atoi.c"
 Parameters:    Size  Location     Type
  s               1    wreg     PTR const unsigned char 
		 -> rxArray(20), 
 Auto vars:     Size  Location     Type
  s               1   13[BANK0 ] PTR const unsigned char 
		 -> rxArray(20), 
  a               2   11[BANK0 ] int 
  sign            1   10[BANK0 ] unsigned char 
 Return value:  Size  Location     Type
                  2    6[BANK0 ] int 
 Registers used:
		wreg, fsr1l, fsr1h, status,2, status,0, pclath, cstack
 Tracked objects:
		On entry : 
		On exit  : 
		Unchanged: 
 Data sizes:     COMMON   BANK0   BANK1   BANK2
      Params:         0       2       0       0
      Locals:         0       4       0       0
      Temps:          0       2       0       0
      Totals:         0       8       0       0
Total ram usage:        8 bytes
 Hardware stack levels used:    1
 Hardware stack levels required when called:    3
 This function calls:
		___wmul
		_isdigit
 This function is called by:
		_setupTestParameters
 This function uses a non-reentrant model


 *************** function _isdigit *****************
 Defined at:
		line 8 in file "C:\Program Files (x86)\Microchip\xc8\v1.45\sources\common\isdigit.c"
 Parameters:    Size  Location     Type
  c               1    wreg     unsigned char 
 Auto vars:     Size  Location     Type
  c               1    1[BANK0 ] unsigned char 
 Return value:  Size  Location     Type
		None               void
 Registers used:
		wreg, status,2, status,0
 Tracked objects:
		On entry : 
		On exit  : 
		Unchanged: 
 Data sizes:     COMMON   BANK0   BANK1   BANK2
      Params:         0       0       0       0
      Locals:         0       2       0       0
      Temps:          0       0       0       0
      Totals:         0       2       0       0
Total ram usage:        2 bytes
 Hardware stack levels used:    1
 Hardware stack levels required when called:    2
 This function calls:
		Nothing
 This function is called by:
		_atoi
 This function uses a non-reentrant model


 *************** function ___wmul *****************
 Defined at:
		line 15 in file "C:\Program Files (x86)\Microchip\xc8\v1.45\sources\common\Umul16.c"
 Parameters:    Size  Location     Type
  multiplier      2    0[BANK0 ] unsigned int 
  multiplicand    2    2[BANK0 ] unsigned int 
 Auto vars:     Size  Location     Type
  product         2    4[BANK0 ] unsigned int 
 Return value:  Size  Location     Type
                  2    0[BANK0 ] unsigned int 
 Registers used:
		wreg, status,2, status,0
 Tracked objects:
		On entry : 
		On exit  : 
		Unchanged: 
 Data sizes:     COMMON   BANK0   BANK1   BANK2
      Params:         0       4       0       0
      Locals:         0       2       0       0
      Temps:          0       0       0       0
      Totals:         0       6       0       0
Total ram usage:        6 bytes
 Hardware stack levels used:    1
 Hardware stack levels required when called:    2
 This function calls:
		Nothing
 This function is called by:
		_atoi
 This function uses a non-reentrant model


 *************** function ___lmul *****************
 Defined at:
		line 15 in file "C:\Program Files (x86)\Microchip\xc8\v1.45\sources\common\Umul32.c"
 Parameters:    Size  Location     Type
  multiplier      4    0[BANK0 ] unsigned long 
  multiplicand    4    4[BANK0 ] unsigned long 
 Auto vars:     Size  Location     Type
  product         4    8[BANK0 ] unsigned long 
 Return value:  Size  Location     Type
                  4    0[BANK0 ] unsigned long 
 Registers used:
		wreg, status,2, status,0
 Tracked objects:
		On entry : 
		On exit  : 
		Unchanged: 
 Data sizes:     COMMON   BANK0   BANK1   BANK2
      Params:         0       8       0       0
      Locals:         0       4       0       0
      Temps:          0       0       0       0
      Totals:         0      12       0       0
Total ram usage:       12 bytes
 Hardware stack levels used:    1
 Hardware stack levels required when called:    2
 This function calls:
		Nothing
 This function is called by:
		_setupTestParameters
 This function uses a non-reentrant model


 *************** function ___lldiv *****************
 Defined at:
		line 6 in file "C:\Program Files (x86)\Microchip\xc8\v1.45\sources\common\lldiv.c"
 Parameters:    Size  Location     Type
  divisor         4   12[BANK0 ] unsigned long 
  dividend        4   16[BANK0 ] unsigned long 
 Auto vars:     Size  Location     Type
  quotient        4   21[BANK0 ] unsigned long 
  counter         1   25[BANK0 ] unsigned char 
 Return value:  Size  Location     Type
                  4   12[BANK0 ] unsigned long 
 Registers used:
		wreg, status,2, status,0
 Tracked objects:
		On entry : 
		On exit  : 
		Unchanged: 
 Data sizes:     COMMON   BANK0   BANK1   BANK2
      Params:         0       8       0       0
      Locals:         0       5       0       0
      Temps:          0       1       0       0
      Totals:         0      14       0       0
Total ram usage:       14 bytes
 Hardware stack levels used:    1
 Hardware stack levels required when called:    2
 This function calls:
		Nothing
 This function is called by:
		_verifyACSignal
		_setupTestParameters
 This function uses a non-reentrant model


 *************** function _UART_TX_String *****************
 Defined at:
		line 63 in file "USART.c"
 Parameters:    Size  Location     Type
  string          1    wreg     PTR unsigned char 
		 -> rxArray(20), 
 Auto vars:     Size  Location     Type
  string          1    7[BANK0 ] PTR unsigned char 
		 -> rxArray(20), 
  i               2    5[BANK0 ] int 
 Return value:  Size  Location     Type
                  1    wreg      void 
 Registers used:
		wreg, fsr1l, fsr1h, status,2, status,0, pclath, cstack
 Tracked objects:
		On entry : 
		On exit  : 
		Unchanged: 
 Data sizes:     COMMON   BANK0   BANK1   BANK2
      Params:         0       0       0       0
      Locals:         0       3       0       0
      Temps:          0       3       0       0
      Totals:         0       6       0       0
Total ram usage:        6 bytes
 Hardware stack levels used:    1
 Hardware stack levels required when called:    3
 This function calls:
		_UART_TX
 This function is called by:
		_setupTestParameters
 This function uses a non-reentrant model


 *************** function _PassLED *****************
 Defined at:
		line 141 in file "IO_Controls.c"
 Parameters:    Size  Location     Type
  OnOff           1    wreg     unsigned char 
 Auto vars:     Size  Location     Type
  OnOff           1    1[BANK0 ] unsigned char 
 Return value:  Size  Location     Type
                  1    wreg      void 
 Registers used:
		wreg, status,2
 Tracked objects:
		On entry : 
		On exit  : 
		Unchanged: 
 Data sizes:     COMMON   BANK0   BANK1   BANK2
      Params:         0       0       0       0
      Locals:         0       1       0       0
      Temps:          0       1       0       0
      Totals:         0       2       0       0
Total ram usage:        2 bytes
 Hardware stack levels used:    1
 Hardware stack levels required when called:    2
 This function calls:
		Nothing
 This function is called by:
		_setupTestParameters
 This function uses a non-reentrant model


 *************** function _printf *****************
 Defined at:
		line 464 in file "C:\Program Files (x86)\Microchip\xc8\v1.45\sources\common\doprnt.c"
 Parameters:    Size  Location     Type
  f               2   14[BANK0 ] PTR const unsigned char 
		 -> STR_1(4), 
 Auto vars:     Size  Location     Type
  tmpval          4    0        struct .
  val             2   27[BANK0 ] unsigned int 
  cp              2    0        PTR const unsigned char 
  len             2    0        unsigned int 
  c               1   29[BANK0 ] char 
  prec            1   26[BANK0 ] char 
  flag            1   25[BANK0 ] unsigned char 
  ap              1   24[BANK0 ] PTR void [1]
		 -> ?_printf(2), 
 Return value:  Size  Location     Type
                  2   14[BANK0 ] int 
 Registers used:
		wreg, fsr0l, fsr0h, fsr1l, fsr1h, status,2, status,0, pclath, cstack
 Tracked objects:
		On entry : 
		On exit  : 
		Unchanged: 
 Data sizes:     COMMON   BANK0   BANK1   BANK2
      Params:         0       6       0       0
      Locals:         0       6       0       0
      Temps:          0       4       0       0
      Totals:         0      16       0       0
Total ram usage:       16 bytes
 Hardware stack levels used:    1
 Hardware stack levels required when called:    3
 This function calls:
		___lwdiv
		___lwmod
		_putch
 This function is called by:
		_verifyACSignal
 This function uses a non-reentrant model


 *************** function _putch *****************
 Defined at:
		line 98 in file "USART.c"
 Parameters:    Size  Location     Type
  c               1    wreg     unsigned char 
 Auto vars:     Size  Location     Type
  c               1    0[BANK0 ] unsigned char 
 Return value:  Size  Location     Type
                  1    wreg      void 
 Registers used:
		wreg
 Tracked objects:
		On entry : 
		On exit  : 
		Unchanged: 
 Data sizes:     COMMON   BANK0   BANK1   BANK2
      Params:         0       0       0       0
      Locals:         0       1       0       0
      Temps:          0       0       0       0
      Totals:         0       1       0       0
Total ram usage:        1 bytes
 Hardware stack levels used:    1
 Hardware stack levels required when called:    2
 This function calls:
		Nothing
 This function is called by:
		_printf
 This function uses a non-reentrant model


 *************** function ___lwmod *****************
 Defined at:
		line 6 in file "C:\Program Files (x86)\Microchip\xc8\v1.45\sources\common\lwmod.c"
 Parameters:    Size  Location     Type
  divisor         2    8[BANK0 ] unsigned int 
  dividend        2   10[BANK0 ] unsigned int 
 Auto vars:     Size  Location     Type
  counter         1   13[BANK0 ] unsigned char 
 Return value:  Size  Location     Type
                  2    8[BANK0 ] unsigned int 
 Registers used:
		wreg, status,2, status,0
 Tracked objects:
		On entry : 
		On exit  : 
		Unchanged: 
 Data sizes:     COMMON   BANK0   BANK1   BANK2
      Params:         0       4       0       0
      Locals:         0       1       0       0
      Temps:          0       1       0       0
      Totals:         0       6       0       0
Total ram usage:        6 bytes
 Hardware stack levels used:    1
 Hardware stack levels required when called:    2
 This function calls:
		Nothing
 This function is called by:
		_printf
 This function uses a non-reentrant model


 *************** function ___lwdiv *****************
 Defined at:
		line 6 in file "C:\Program Files (x86)\Microchip\xc8\v1.45\sources\common\lwdiv.c"
 Parameters:    Size  Location     Type
  divisor         2    0[BANK0 ] unsigned int 
  dividend        2    2[BANK0 ] unsigned int 
 Auto vars:     Size  Location     Type
  quotient        2    6[BANK0 ] unsigned int 
  counter         1    5[BANK0 ] unsigned char 
 Return value:  Size  Location     Type
                  2    0[BANK0 ] unsigned int 
 Registers used:
		wreg, status,2, status,0
 Tracked objects:
		On entry : 
		On exit  : 
		Unchanged: 
 Data sizes:     COMMON   BANK0   BANK1   BANK2
      Params:         0       4       0       0
      Locals:         0       3       0       0
      Temps:          0       1       0       0
      Totals:         0       8       0       0
Total ram usage:        8 bytes
 Hardware stack levels used:    1
 Hardware stack levels required when called:    2
 This function calls:
		Nothing
 This function is called by:
		_printf
 This function uses a non-reentrant model


 *************** function _fabs *****************
 Defined at:
		line 4 in file "C:\Program Files (x86)\Microchip\xc8\v1.45\sources\common\fabs.c"
 Parameters:    Size  Location     Type
  d               3   32[BANK0 ] unsigned int 
 Auto vars:     Size  Location     Type
		None
 Return value:  Size  Location     Type
                  3   32[BANK0 ] unsigned int 
 Registers used:
		wreg, status,2, status,0, pclath, cstack
 Tracked objects:
		On entry : 
		On exit  : 
		Unchanged: 
 Data sizes:     COMMON   BANK0   BANK1   BANK2
      Params:         0       3       0       0
      Locals:         0       0       0       0
      Temps:          0       0       0       0
      Totals:         0       3       0       0
Total ram usage:        3 bytes
 Hardware stack levels used:    1
 Hardware stack levels required when called:    3
 This function calls:
		___ftge
		___ftneg
 This function is called by:
		_verifyACSignal
 This function uses a non-reentrant model


 *************** function ___ftneg *****************
 Defined at:
		line 15 in file "C:\Program Files (x86)\Microchip\xc8\v1.45\sources\common\ftneg.c"
 Parameters:    Size  Location     Type
  f1              3    0[BANK0 ] float 
 Auto vars:     Size  Location     Type
		None
 Return value:  Size  Location     Type
                  3    0[BANK0 ] float 
 Registers used:
		wreg
 Tracked objects:
		On entry : 
		On exit  : 
		Unchanged: 
 Data sizes:     COMMON   BANK0   BANK1   BANK2
      Params:         0       3       0       0
      Locals:         0       0       0       0
      Temps:          0       0       0       0
      Totals:         0       3       0       0
Total ram usage:        3 bytes
 Hardware stack levels used:    1
 Hardware stack levels required when called:    2
 This function calls:
		Nothing
 This function is called by:
		_fabs
 This function uses a non-reentrant model


 *************** function ___ftge *****************
 Defined at:
		line 4 in file "C:\Program Files (x86)\Microchip\xc8\v1.45\sources\common\ftge.c"
 Parameters:    Size  Location     Type
  ff1             3    0[BANK0 ] float 
  ff2             3    3[BANK0 ] float 
 Auto vars:     Size  Location     Type
		None
 Return value:  Size  Location     Type
		None               void
 Registers used:
		wreg, status,2, status,0
 Tracked objects:
		On entry : 
		On exit  : 
		Unchanged: 
 Data sizes:     COMMON   BANK0   BANK1   BANK2
      Params:         0       6       0       0
      Locals:         0       0       0       0
      Temps:          0       3       0       0
      Totals:         0       9       0       0
Total ram usage:        9 bytes
 Hardware stack levels used:    1
 Hardware stack levels required when called:    2
 This function calls:
		Nothing
 This function is called by:
		_fabs
 This function uses a non-reentrant model


 *************** function ___lltoft *****************
 Defined at:
		line 35 in file "C:\Program Files (x86)\Microchip\xc8\v1.45\sources\common\lltoft.c"
 Parameters:    Size  Location     Type
  c               4   26[BANK0 ] unsigned long 
 Auto vars:     Size  Location     Type
  exp             1   31[BANK0 ] unsigned char 
 Return value:  Size  Location     Type
                  3   26[BANK0 ] float 
 Registers used:
		wreg, status,2, status,0, pclath, cstack
 Tracked objects:
		On entry : 
		On exit  : 
		Unchanged: 
 Data sizes:     COMMON   BANK0   BANK1   BANK2
      Params:         0       4       0       0
      Locals:         0       1       0       0
      Temps:          0       1       0       0
      Totals:         0       6       0       0
Total ram usage:        6 bytes
 Hardware stack levels used:    1
 Hardware stack levels required when called:    3
 This function calls:
		___ftpack
 This function is called by:
		_verifyACSignal
 This function uses a non-reentrant model


 *************** function ___ftpack *****************
 Defined at:
		line 62 in file "C:\Program Files (x86)\Microchip\xc8\v1.45\sources\common\float.c"
 Parameters:    Size  Location     Type
  arg             3    0[BANK0 ] unsigned um
  exp             1    3[BANK0 ] unsigned char 
  sign            1    4[BANK0 ] unsigned char 
 Auto vars:     Size  Location     Type
		None
 Return value:  Size  Location     Type
                  3    0[BANK0 ] float 
 Registers used:
		wreg, status,2, status,0
 Tracked objects:
		On entry : 
		On exit  : 
		Unchanged: 
 Data sizes:     COMMON   BANK0   BANK1   BANK2
      Params:         0       5       0       0
      Locals:         0       0       0       0
      Temps:          0       3       0       0
      Totals:         0       8       0       0
Total ram usage:        8 bytes
 Hardware stack levels used:    1
 Hardware stack levels required when called:    2
 This function calls:
		Nothing
 This function is called by:
		___lltoft
 This function uses a non-reentrant model


 *************** function ___fttol *****************
 Defined at:
		line 44 in file "C:\Program Files (x86)\Microchip\xc8\v1.45\sources\common\fttol.c"
 Parameters:    Size  Location     Type
  f1              3   35[BANK0 ] float 
 Auto vars:     Size  Location     Type
  lval            4   44[BANK0 ] unsigned long 
  exp1            1   48[BANK0 ] unsigned char 
  sign1           1   43[BANK0 ] unsigned char 
 Return value:  Size  Location     Type
                  4   35[BANK0 ] long 
 Registers used:
		wreg, status,2, status,0
 Tracked objects:
		On entry : 
		On exit  : 
		Unchanged: 
 Data sizes:     COMMON   BANK0   BANK1   BANK2
      Params:         0       4       0       0
      Locals:         0       6       0       0
      Temps:          0       4       0       0
      Totals:         0      14       0       0
Total ram usage:       14 bytes
 Hardware stack levels used:    1
 Hardware stack levels required when called:    2
 This function calls:
		Nothing
 This function is called by:
		_verifyACSignal
 This function uses a non-reentrant model


 *************** function _ToggleGLED *****************
 Defined at:
		line 149 in file "IO_Controls.c"
 Parameters:    Size  Location     Type
		None
 Auto vars:     Size  Location     Type
		None
 Return value:  Size  Location     Type
                  1    wreg      void 
 Registers used:
		wreg
 Tracked objects:
		On entry : 
		On exit  : 
		Unchanged: 
 Data sizes:     COMMON   BANK0   BANK1   BANK2
      Params:         0       0       0       0
      Locals:         0       0       0       0
      Temps:          0       1       0       0
      Totals:         0       1       0       0
Total ram usage:        1 bytes
 Hardware stack levels used:    1
 Hardware stack levels required when called:    2
 This function calls:
		Nothing
 This function is called by:
		_main
		_verifyACSignal
 This function uses a non-reentrant model


 *************** function _Timer1 *****************
 Defined at:
		line 31 in file "Timer.c"
 Parameters:    Size  Location     Type
		None
 Auto vars:     Size  Location     Type
		None
 Return value:  Size  Location     Type
                  2    0[BANK0 ] unsigned int 
 Registers used:
		wreg, status,2
 Tracked objects:
		On entry : 
		On exit  : 
		Unchanged: 
 Data sizes:     COMMON   BANK0   BANK1   BANK2
      Params:         0       2       0       0
      Locals:         0       0       0       0
      Temps:          0       2       0       0
      Totals:         0       4       0       0
Total ram usage:        4 bytes
 Hardware stack levels used:    1
 Hardware stack levels required when called:    2
 This function calls:
		Nothing
 This function is called by:
		_verifyACSignal
 This function uses a non-reentrant model


 *************** function _ReadADC *****************
 Defined at:
		line 33 in file "ADC.c"
 Parameters:    Size  Location     Type
		None
 Auto vars:     Size  Location     Type
		None
 Return value:  Size  Location     Type
                  2    0[BANK0 ] unsigned short 
 Registers used:
		wreg, status,2
 Tracked objects:
		On entry : 
		On exit  : 
		Unchanged: 
 Data sizes:     COMMON   BANK0   BANK1   BANK2
      Params:         0       2       0       0
      Locals:         0       0       0       0
      Temps:          0       2       0       0
      Totals:         0       4       0       0
Total ram usage:        4 bytes
 Hardware stack levels used:    1
 Hardware stack levels required when called:    2
 This function calls:
		Nothing
 This function is called by:
		_verifyACSignal
 This function uses a non-reentrant model


 *************** function _pi3Connect *****************
 Defined at:
		line 91 in file "newmain.c"
 Parameters:    Size  Location     Type
		None
 Auto vars:     Size  Location     Type
  handshake       1    5[BANK0 ] unsigned char 
 Return value:  Size  Location     Type
                  1    wreg      void 
 Registers used:
		wreg, fsr1l, fsr1h, status,2, status,0, pclath, cstack
 Tracked objects:
		On entry : 
		On exit  : 
		Unchanged: 
 Data sizes:     COMMON   BANK0   BANK1   BANK2
      Params:         0       0       0       0
      Locals:         0       1       0       0
      Temps:          0       2       0       0
      Totals:         0       3       0       0
Total ram usage:        3 bytes
 Hardware stack levels used:    1
 Hardware stack levels required when called:    3
 This function calls:
		_Fail_LED
		_UART_TX
		_empty_RX_BUFF
 This function is called by:
		_main
 This function uses a non-reentrant model


 *************** function _empty_RX_BUFF *****************
 Defined at:
		line 88 in file "USART.c"
 Parameters:    Size  Location     Type
		None
 Auto vars:     Size  Location     Type
  i               2    1[BANK0 ] int 
 Return value:  Size  Location     Type
                  1    wreg      void 
 Registers used:
		wreg, fsr1l, fsr1h, status,2, status,0
 Tracked objects:
		On entry : 
		On exit  : 
		Unchanged: 
 Data sizes:     COMMON   BANK0   BANK1   BANK2
      Params:         0       0       0       0
      Locals:         0       2       0       0
      Temps:          0       1       0       0
      Totals:         0       3       0       0
Total ram usage:        3 bytes
 Hardware stack levels used:    1
 Hardware stack levels required when called:    2
 This function calls:
		Nothing
 This function is called by:
		_pi3Connect
		_verifyACSignal
		_setupTestParameters
 This function uses a non-reentrant model


 *************** function _UART_TX *****************
 Defined at:
		line 48 in file "USART.c"
 Parameters:    Size  Location     Type
  data            2    0[BANK0 ] PTR unsigned char 
		 -> RAM(4096), 
 Auto vars:     Size  Location     Type
		None
 Return value:  Size  Location     Type
                  1    wreg      void 
 Registers used:
		wreg
 Tracked objects:
		On entry : 
		On exit  : 
		Unchanged: 
 Data sizes:     COMMON   BANK0   BANK1   BANK2
      Params:         0       2       0       0
      Locals:         0       0       0       0
      Temps:          0       0       0       0
      Totals:         0       2       0       0
Total ram usage:        2 bytes
 Hardware stack levels used:    1
 Hardware stack levels required when called:    2
 This function calls:
		Nothing
 This function is called by:
		_pi3Connect
		_verifyACSignal
		_setupTestParameters
		_UART_TX_String
 This function uses a non-reentrant model


 *************** function _Fail_LED *****************
 Defined at:
		line 119 in file "IO_Controls.c"
 Parameters:    Size  Location     Type
  OnOff           1    wreg     unsigned char 
 Auto vars:     Size  Location     Type
  OnOff           1    1[BANK0 ] unsigned char 
 Return value:  Size  Location     Type
                  1    wreg      void 
 Registers used:
		wreg, status,2
 Tracked objects:
		On entry : 
		On exit  : 
		Unchanged: 
 Data sizes:     COMMON   BANK0   BANK1   BANK2
      Params:         0       0       0       0
      Locals:         0       1       0       0
      Temps:          0       1       0       0
      Totals:         0       2       0       0
Total ram usage:        2 bytes
 Hardware stack levels used:    1
 Hardware stack levels required when called:    2
 This function calls:
		Nothing
 This function is called by:
		_pi3Connect
 This function uses a non-reentrant model


 *************** function _initPIC *****************
 Defined at:
		line 58 in file "newmain.c"
 Parameters:    Size  Location     Type
		None
 Auto vars:     Size  Location     Type
		None
 Return value:  Size  Location     Type
                  1    wreg      void 
 Registers used:
		wreg, status,2, status,0, pclath, cstack
 Tracked objects:
		On entry : 
		On exit  : 
		Unchanged: 
 Data sizes:     COMMON   BANK0   BANK1   BANK2
      Params:         0       0       0       0
      Locals:         0       0       0       0
      Temps:          0       0       0       0
      Totals:         0       0       0       0
Total ram usage:        0 bytes
 Hardware stack levels used:    1
 Hardware stack levels required when called:    3
 This function calls:
		_InitUSART
		_Init_TMR1
		_InitialiseADC
		_InitialisePorts
 This function is called by:
		_main
 This function uses a non-reentrant model


 *************** function _InitialisePorts *****************
 Defined at:
		line 11 in file "IO_Controls.c"
 Parameters:    Size  Location     Type
		None
 Auto vars:     Size  Location     Type
		None
 Return value:  Size  Location     Type
                  1    wreg      void 
 Registers used:
		wreg, status,2
 Tracked objects:
		On entry : 
		On exit  : 
		Unchanged: 
 Data sizes:     COMMON   BANK0   BANK1   BANK2
      Params:         0       0       0       0
      Locals:         0       0       0       0
      Temps:          0       0       0       0
      Totals:         0       0       0       0
Total ram usage:        0 bytes
 Hardware stack levels used:    1
 Hardware stack levels required when called:    2
 This function calls:
		Nothing
 This function is called by:
		_initPIC
 This function uses a non-reentrant model


 *************** function _InitialiseADC *****************
 Defined at:
		line 15 in file "ADC.c"
 Parameters:    Size  Location     Type
		None
 Auto vars:     Size  Location     Type
		None
 Return value:  Size  Location     Type
                  1    wreg      void 
 Registers used:
		wreg, status,2, status,0
 Tracked objects:
		On entry : 
		On exit  : 
		Unchanged: 
 Data sizes:     COMMON   BANK0   BANK1   BANK2
      Params:         0       0       0       0
      Locals:         0       0       0       0
      Temps:          0       0       0       0
      Totals:         0       0       0       0
Total ram usage:        0 bytes
 Hardware stack levels used:    1
 Hardware stack levels required when called:    2
 This function calls:
		Nothing
 This function is called by:
		_initPIC
 This function uses a non-reentrant model


 *************** function _Init_TMR1 *****************
 Defined at:
		line 17 in file "Timer.c"
 Parameters:    Size  Location     Type
		None
 Auto vars:     Size  Location     Type
		None
 Return value:  Size  Location     Type
                  1    wreg      void 
 Registers used:
		wreg, status,2, status,0
 Tracked objects:
		On entry : 
		On exit  : 
		Unchanged: 
 Data sizes:     COMMON   BANK0   BANK1   BANK2
      Params:         0       0       0       0
      Locals:         0       0       0       0
      Temps:          0       0       0       0
      Totals:         0       0       0       0
Total ram usage:        0 bytes
 Hardware stack levels used:    1
 Hardware stack levels required when called:    2
 This function calls:
		Nothing
 This function is called by:
		_initPIC
 This function uses a non-reentrant model


 *************** function _InitUSART *****************
 Defined at:
		line 15 in file "USART.c"
 Parameters:    Size  Location     Type
		None
 Auto vars:     Size  Location     Type
		None
 Return value:  Size  Location     Type
                  1    wreg      void 
 Registers used:
		wreg, status,2
 Tracked objects:
		On entry : 
		On exit  : 
		Unchanged: 
 Data sizes:     COMMON   BANK0   BANK1   BANK2
      Params:         0       0       0       0
      Locals:         0       0       0       0
      Temps:          0       0       0       0
      Totals:         0       0       0       0
Total ram usage:        0 bytes
 Hardware stack levels used:    1
 Hardware stack levels required when called:    2
 This function calls:
		Nothing
 This function is called by:
		_initPIC
 This function uses a non-reentrant model


 *************** function _ISR *****************
 Defined at:
		line 348 in file "newmain.c"
 Parameters:    Size  Location     Type
		None
 Auto vars:     Size  Location     Type
		None
 Return value:  Size  Location     Type
                  1    wreg      void 
 Registers used:
		wreg, fsr1l, fsr1h, status,2, status,0, pclath, cstack
 Tracked objects:
		On entry : 
		On exit  : 
		Unchanged: 
 Data sizes:     COMMON   BANK0   BANK1   BANK2
      Params:         0       0       0       0
      Locals:         0       0       0       0
      Temps:          1       0       0       0
      Totals:         1       0       0       0
Total ram usage:        1 bytes
 Hardware stack levels used:    1
 Hardware stack levels required when called:    1
 This function calls:
		_UART_RX_String
		i1_Fail_LED
		i1_PassLED
		i1_Timer1
 This function is called by:
		Interrupt level 1
 This function uses a non-reentrant model


 *************** function i1_Timer1 *****************
 Defined at:
		line 31 in file "Timer.c"
 Parameters:    Size  Location     Type
		None
 Auto vars:     Size  Location     Type
		None
 Return value:  Size  Location     Type
                  2    0[COMMON] unsigned int 
 Registers used:
		wreg, status,2
 Tracked objects:
		On entry : 
		On exit  : 
		Unchanged: 
 Data sizes:     COMMON   BANK0   BANK1   BANK2
      Params:         2       0       0       0
      Locals:         0       0       0       0
      Temps:          2       0       0       0
      Totals:         4       0       0       0
Total ram usage:        4 bytes
 Hardware stack levels used:    1
 This function calls:
		Nothing
 This function is called by:
		_ISR
 This function uses a non-reentrant model


 *************** function i1_PassLED *****************
 Defined at:
		line 141 in file "IO_Controls.c"
 Parameters:    Size  Location     Type
  OnOff           1    wreg     unsigned char 
 Auto vars:     Size  Location     Type
  OnOff           1    1[COMMON] unsigned char 
 Return value:  Size  Location     Type
                  1    wreg      void 
 Registers used:
		wreg, status,2
 Tracked objects:
		On entry : 
		On exit  : 
		Unchanged: 
 Data sizes:     COMMON   BANK0   BANK1   BANK2
      Params:         0       0       0       0
      Locals:         1       0       0       0
      Temps:          1       0       0       0
      Totals:         2       0       0       0
Total ram usage:        2 bytes
 Hardware stack levels used:    1
 This function calls:
		Nothing
 This function is called by:
		_ISR
 This function uses a non-reentrant model


 *************** function i1_Fail_LED *****************
 Defined at:
		line 119 in file "IO_Controls.c"
 Parameters:    Size  Location     Type
  OnOff           1    wreg     unsigned char 
 Auto vars:     Size  Location     Type
  OnOff           1    1[COMMON] unsigned char 
 Return value:  Size  Location     Type
                  1    wreg      void 
 Registers used:
		wreg, status,2
 Tracked objects:
		On entry : 
		On exit  : 
		Unchanged: 
 Data sizes:     COMMON   BANK0   BANK1   BANK2
      Params:         0       0       0       0
      Locals:         1       0       0       0
      Temps:          1       0       0       0
      Totals:         2       0       0       0
Total ram usage:        2 bytes
 Hardware stack levels used:    1
 This function calls:
		Nothing
 This function is called by:
		_ISR
 This function uses a non-reentrant model


 *************** function _UART_RX_String *****************
 Defined at:
		line 80 in file "USART.c"
 Parameters:    Size  Location     Type
		None
 Auto vars:     Size  Location     Type
		None
 Return value:  Size  Location     Type
                  1    wreg      void 
 Registers used:
		wreg, fsr1l, fsr1h, status,2, status,0
 Tracked objects:
		On entry : 
		On exit  : 
		Unchanged: 
 Data sizes:     COMMON   BANK0   BANK1   BANK2
      Params:         0       0       0       0
      Locals:         0       0       0       0
      Temps:          1       0       0       0
      Totals:         1       0       0       0
Total ram usage:        1 bytes
 Hardware stack levels used:    1
 This function calls:
		Nothing
 This function is called by:
		_ISR
 This function uses a non-reentrant model



MODULE INFORMATION

Module		Function		Class		Link	Load	Size
USART.c
		_putch         		CODE           	0EB2	0000	11
		_UART_TX_String		CODE           	0795	0000	36
		_empty_RX_BUFF 		CODE           	0770	0000	38
		_UART_RX_String		CODE           	0ED6	0000	15
		_InitUSART     		CODE           	0F96	0000	26
		_UART_TX       		CODE           	0EA8	0000	11

USART.c estimated size: 137

C:\Program Files (x86)\Microchip\xc8\v1.45\sources\common\ftneg.c
		___ftneg       		CODE           	0E9F	0000	10

C:\Program Files (x86)\Microchip\xc8\v1.45\sources\common\ftneg.c estimated size: 10

C:\Program Files (x86)\Microchip\xc8\v1.45\sources\common\float.c
		___ftpack      		CODE           	051E	0000	102

C:\Program Files (x86)\Microchip\xc8\v1.45\sources\common\float.c estimated size: 102

Timer.c
		_Timer1        		CODE           	0FE4	0000	29
		_TMR1Reset     		CODE           	0E94	0000	6
		_Timer1Read    		CODE           	0FAF	0000	26
		_Init_TMR1     		CODE           	0EBC	0000	14

Timer.c estimated size: 75

C:\Program Files (x86)\Microchip\xc8\v1.45\sources\common\doprnt.c
		_printf        		CODE           	02EA	0000	185

C:\Program Files (x86)\Microchip\xc8\v1.45\sources\common\doprnt.c estimated size: 185

C:\Program Files (x86)\Microchip\xc8\v1.45\sources\common\lltoft.c
		___lltoft      		CODE           	0746	0000	43

C:\Program Files (x86)\Microchip\xc8\v1.45\sources\common\lltoft.c estimated size: 43

C:\Program Files (x86)\Microchip\xc8\v1.45\sources\common\Umul16.c
		___wmul        		CODE           	07DB	0000	29

C:\Program Files (x86)\Microchip\xc8\v1.45\sources\common\Umul16.c estimated size: 29

C:\Program Files (x86)\Microchip\xc8\v1.45\sources\common\ftge.c
		___ftge        		CODE           	0613	0000	61

C:\Program Files (x86)\Microchip\xc8\v1.45\sources\common\ftge.c estimated size: 61

C:\Program Files (x86)\Microchip\xc8\v1.45\sources\common\fabs.c
		_fabs          		CODE           	07B8	0000	36

C:\Program Files (x86)\Microchip\xc8\v1.45\sources\common\fabs.c estimated size: 36

C:\Program Files (x86)\Microchip\xc8\v1.45\sources\common\isdigit.c
		_isdigit       		CODE           	0F46	0000	16

C:\Program Files (x86)\Microchip\xc8\v1.45\sources\common\isdigit.c estimated size: 16

C:\Program Files (x86)\Microchip\xc8\v1.45\sources\common\lwmod.c
		___lwmod       		CODE           	06EE	0000	46

C:\Program Files (x86)\Microchip\xc8\v1.45\sources\common\lwmod.c estimated size: 46

newmain.c
		_initPIC       		CODE           	0F55	0000	21
		_pi3Connect    		CODE           	064F	0000	59
		_ISR           		CODE           	0004	0000	111
		_main          		CODE           	05D6	0000	62
		_verifyACSignal		CODE           	008C	0000	401
		_setupTestParameters		CODE           	021C	0000	207
		_beginHighCurrentTest		CODE           	03A2	0000	139

newmain.c estimated size: 1000

C:\Program Files (x86)\Microchip\xc8\v1.45\sources\common\Umul32.c
		___lmul        		CODE           	06BE	0000	49

C:\Program Files (x86)\Microchip\xc8\v1.45\sources\common\Umul32.c estimated size: 49

C:\Program Files (x86)\Microchip\xc8\v1.45\sources\common\atoi.c
		_atoi          		CODE           	04B3	0000	108

C:\Program Files (x86)\Microchip\xc8\v1.45\sources\common\atoi.c estimated size: 108

shared
		i1_PassLED     		CODE           	0EF2	0000	15
		i1_Timer1      		CODE           	0FC8	0000	29
		_dpowers       		STRCODE        	07F7	0000	11
		__initialization		CODE           	0074	0000	21
		i1_Fail_LED    		CODE           	0EE4	0000	15

shared estimated size: 91

ADC.c
		_InitialiseADC 		CODE           	0F69	0000	23
		_ReadADC       		CODE           	071B	0000	44

ADC.c estimated size: 67

C:\Program Files (x86)\Microchip\xc8\v1.45\sources\common\fttol.c
		___fttol       		CODE           	042C	0000	136

C:\Program Files (x86)\Microchip\xc8\v1.45\sources\common\fttol.c estimated size: 136

IO_Controls.c
		_InitialisePorts		CODE           	0F7F	0000	24
		_SCR_Relay     		CODE           	0F38	0000	15
		_PassLED       		CODE           	0F0E	0000	15
		_ADC_OPTO_Relay		CODE           	0F1C	0000	15
		_Fail_LED      		CODE           	0F00	0000	15
		_ToggleGLED    		CODE           	0EC9	0000	14
		_SCR           		CODE           	0F2A	0000	15

IO_Controls.c estimated size: 113

C:\Program Files (x86)\Microchip\xc8\v1.45\sources\common\lwdiv.c
		___lwdiv       		CODE           	0689	0000	54

C:\Program Files (x86)\Microchip\xc8\v1.45\sources\common\lwdiv.c estimated size: 54

C:\Program Files (x86)\Microchip\xc8\v1.45\sources\common\lldiv.c
		___lldiv       		CODE           	0583	0000	84

C:\Program Files (x86)\Microchip\xc8\v1.45\sources\common\lldiv.c estimated size: 84

